Component: Arm Compiler for Embedded 6.21 Tool: armlink [5ec1fa00]

==============================================================================

Section Cross References

    main.o(.text.main) refers to system_stm32f10x.o(.text.SystemInit) for SystemInit
    main.o(.text.main) refers to delay.o(.text.DelayInit) for DelayInit
    main.o(.text.main) refers to stm32f10x_rcc.o(.text.RCC_APB2PeriphClockCmd) for RCC_APB2PeriphClockCmd
    main.o(.text.main) refers to stm32f10x_gpio.o(.text.GPIO_Init) for GPIO_Init
    main.o(.text.main) refers to stm32f10x_gpio.o(.text.GPIO_SetBits) for GPIO_SetBits
    main.o(.text.main) refers to stm32f10x_gpio.o(.text.GPIO_ResetBits) for GPIO_ResetBits
    main.o(.text.main) refers to sht31.o(.text.SHT31_Init) for SHT31_Init
    main.o(.text.main) refers to debug_uart.o(.text.DebugUart_Init) for DebugUart_Init
    main.o(.text.main) refers to usart2.o(.text.usart2_init) for usart2_init
    main.o(.text.main) refers to delay.o(.text.delay_ms) for delay_ms
    main.o(.text.main) refers to debug_uart.o(.text.DebugUart_SendString) for DebugUart_SendString
    main.o(.text.main) refers to main.o(.bss.g_last_button_pressed) for g_last_button_pressed
    main.o(.text.main) refers to main.o(.bss.g_alarm_started_ms) for g_alarm_started_ms
    main.o(.text.main) refers to main.o(.rodata.str1.1) for .L.str.8
    main.o(.text.main) refers to printfa.o(i.__0snprintf) for __2snprintf
    main.o(.text.main) refers to esp01_at.o(.text.ESP01_Poll) for ESP01_Poll
    main.o(.text.main) refers to stm32f10x_gpio.o(.text.GPIO_ReadInputDataBit) for GPIO_ReadInputDataBit
    main.o(.text.main) refers to main.o(.bss.g_last_button_edge_ms) for g_last_button_edge_ms
    main.o(.text.main) refers to esp01_at.o(.text.ESP01_IsAlarmOn) for ESP01_IsAlarmOn
    main.o(.text.main) refers to main.o(.bss.g_muted) for g_muted
    main.o(.text.main) refers to stm32f10x_gpio.o(.text.GPIO_ReadOutputDataBit) for GPIO_ReadOutputDataBit
    main.o(.text.main) refers to main.o(.bss.g_esp_ready) for g_esp_ready
    main.o(.text.main) refers to esp01_at.o(.text.ESP01_BasicSetup) for ESP01_BasicSetup
    main.o(.text.main) refers to main.o(.bss.g_wifi_ready) for g_wifi_ready
    main.o(.text.main) refers to esp01_at.o(.text.ESP01_ConnectWiFi) for ESP01_ConnectWiFi
    main.o(.text.main) refers to main.o(.bss.g_mqtt_ready) for g_mqtt_ready
    main.o(.text.main) refers to esp01_at.o(.text.ESP01_MQTTConnect) for ESP01_MQTTConnect
    main.o(.text.main) refers to main.o(.bss.g_subscribed) for g_subscribed
    main.o(.text.main) refers to esp01_at.o(.text.ESP01_MQTTSubscribeCommand) for ESP01_MQTTSubscribeCommand
    main.o(.text.main) refers to sht31.o(.text.SHT31_Read) for SHT31_Read
    main.o(.text.main) refers to f2d.o(.text) for __aeabi_f2d
    main.o(.text.main) refers to esp01_at.o(.text.ESP01_MQTTPublishTelemetry) for ESP01_MQTTPublishTelemetry
    main.o(.ARM.exidx.text.main) refers to main.o(.text.main) for [Anonymous Symbol]
    stm32f10x_it.o(.ARM.exidx.text.NMI_Handler) refers to stm32f10x_it.o(.text.NMI_Handler) for [Anonymous Symbol]
    stm32f10x_it.o(.ARM.exidx.text.HardFault_Handler) refers to stm32f10x_it.o(.text.HardFault_Handler) for [Anonymous Symbol]
    stm32f10x_it.o(.ARM.exidx.text.MemManage_Handler) refers to stm32f10x_it.o(.text.MemManage_Handler) for [Anonymous Symbol]
    stm32f10x_it.o(.ARM.exidx.text.BusFault_Handler) refers to stm32f10x_it.o(.text.BusFault_Handler) for [Anonymous Symbol]
    stm32f10x_it.o(.ARM.exidx.text.UsageFault_Handler) refers to stm32f10x_it.o(.text.UsageFault_Handler) for [Anonymous Symbol]
    stm32f10x_it.o(.ARM.exidx.text.SVC_Handler) refers to stm32f10x_it.o(.text.SVC_Handler) for [Anonymous Symbol]
    stm32f10x_it.o(.ARM.exidx.text.DebugMon_Handler) refers to stm32f10x_it.o(.text.DebugMon_Handler) for [Anonymous Symbol]
    stm32f10x_it.o(.ARM.exidx.text.PendSV_Handler) refers to stm32f10x_it.o(.text.PendSV_Handler) for [Anonymous Symbol]
    stm32f10x_it.o(.ARM.exidx.text.SysTick_Handler) refers to stm32f10x_it.o(.text.SysTick_Handler) for [Anonymous Symbol]
    delay.o(.text.DelayInit) refers to misc.o(.text.SysTick_CLKSourceConfig) for SysTick_CLKSourceConfig
    delay.o(.text.DelayInit) refers to system_stm32f10x.o(.data.SystemCoreClock) for SystemCoreClock
    delay.o(.text.DelayInit) refers to delay.o(.bss.fac_us) for fac_us
    delay.o(.text.DelayInit) refers to delay.o(.bss.fac_ms) for fac_ms
    delay.o(.ARM.exidx.text.DelayInit) refers to delay.o(.text.DelayInit) for [Anonymous Symbol]
    delay.o(.text.delay_us) refers to delay.o(.bss.fac_us) for fac_us
    delay.o(.ARM.exidx.text.delay_us) refers to delay.o(.text.delay_us) for [Anonymous Symbol]
    delay.o(.text.delay_ms) refers to delay.o(.bss.fac_ms) for fac_ms
    delay.o(.ARM.exidx.text.delay_ms) refers to delay.o(.text.delay_ms) for [Anonymous Symbol]
    delay.o(.text.DelayS) refers to delay.o(.bss.fac_ms) for fac_ms
[...]
    printf4.o(i.__0vprintf$4) refers to stdout.o(.data) for __stdout
    printf4.o(i.__0vsnprintf$4) refers to printf4.o(i._printf_core) for _printf_core
    printf4.o(i.__0vsnprintf$4) refers to printf4.o(i._snputc) for _snputc
    printf4.o(i.__0vsprintf$4) refers to printf4.o(i._printf_core) for _printf_core
    printf4.o(i.__0vsprintf$4) refers to printf4.o(i._sputc) for _sputc
    printf4.o(i._printf_core) refers to uldiv.o(.text) for __aeabi_uldivmod
    printf5.o(i.__0fprintf$5) refers to printf5.o(i._printf_core) for _printf_core
    printf5.o(i.__0fprintf$5) refers to fputc.o(i.fputc) for fputc
    printf5.o(i.__0printf$5) refers to printf5.o(i._printf_core) for _printf_core
    printf5.o(i.__0printf$5) refers to fputc.o(i.fputc) for fputc
    printf5.o(i.__0printf$5) refers to stdout.o(.data) for __stdout
    printf5.o(i.__0snprintf$5) refers to printf5.o(i._printf_core) for _printf_core
    printf5.o(i.__0snprintf$5) refers to printf5.o(i._snputc) for _snputc
    printf5.o(i.__0sprintf$5) refers to printf5.o(i._printf_core) for _printf_core
    printf5.o(i.__0sprintf$5) refers to printf5.o(i._sputc) for _sputc
    printf5.o(i.__0vfprintf$5) refers to printf5.o(i._printf_core) for _printf_core
    printf5.o(i.__0vfprintf$5) refers to fputc.o(i.fputc) for fputc
    printf5.o(i.__0vprintf$5) refers to printf5.o(i._printf_core) for _printf_core
    printf5.o(i.__0vprintf$5) refers to fputc.o(i.fputc) for fputc
    printf5.o(i.__0vprintf$5) refers to stdout.o(.data) for __stdout
    printf5.o(i.__0vsnprintf$5) refers to printf5.o(i._printf_core) for _printf_core
    printf5.o(i.__0vsnprintf$5) refers to printf5.o(i._snputc) for _snputc
    printf5.o(i.__0vsprintf$5) refers to printf5.o(i._printf_core) for _printf_core
    printf5.o(i.__0vsprintf$5) refers to printf5.o(i._sputc) for _sputc
    printf5.o(i._printf_core) refers to uldiv.o(.text) for __aeabi_uldivmod
    printf6.o(i.__0fprintf$6) refers to printf6.o(i._printf_core) for _printf_core
    printf6.o(i.__0fprintf$6) refers to fputc.o(i.fputc) for fputc
    printf6.o(i.__0printf$6) refers to printf6.o(i._printf_core) for _printf_core
    printf6.o(i.__0printf$6) refers to fputc.o(i.fputc) for fputc
    printf6.o(i.__0printf$6) refers to stdout.o(.data) for __stdout
    printf6.o(i.__0snprintf$6) refers to printf6.o(i._printf_core) for _printf_core
    printf6.o(i.__0snprintf$6) refers to printf6.o(i._snputc) for _snputc
    printf6.o(i.__0sprintf$6) refers to printf6.o(i._printf_core) for _printf_core
    printf6.o(i.__0sprintf$6) refers to printf6.o(i._sputc) for _sputc
    printf6.o(i.__0vfprintf$6) refers to printf6.o(i._printf_core) for _printf_core
    printf6.o(i.__0vfprintf$6) refers to fputc.o(i.fputc) for fputc
    printf6.o(i.__0vprintf$6) refers to printf6.o(i._printf_core) for _printf_core
    printf6.o(i.__0vprintf$6) refers to fputc.o(i.fputc) for fputc
    printf6.o(i.__0vprintf$6) refers to stdout.o(.data) for __stdout
    printf6.o(i.__0vsnprintf$6) refers to printf6.o(i._printf_core) for _printf_core
    printf6.o(i.__0vsnprintf$6) refers to printf6.o(i._snputc) for _snputc
    printf6.o(i.__0vsprintf$6) refers to printf6.o(i._printf_core) for _printf_core
    printf6.o(i.__0vsprintf$6) refers to printf6.o(i._sputc) for _sputc
    printf6.o(i._printf_core) refers to printf6.o(i._printf_pre_padding) for _printf_pre_padding
    printf6.o(i._printf_core) refers to uidiv.o(.text) for __aeabi_uidivmod
    printf6.o(i._printf_core) refers to printf6.o(i._printf_post_padding) for _printf_post_padding
    printf7.o(i.__0fprintf$7) refers to printf7.o(i._printf_core) for _printf_core
    printf7.o(i.__0fprintf$7) refers to fputc.o(i.fputc) for fputc
    printf7.o(i.__0printf$7) refers to printf7.o(i._printf_core) for _printf_core
    printf7.o(i.__0printf$7) refers to fputc.o(i.fputc) for fputc
    printf7.o(i.__0printf$7) refers to stdout.o(.data) for __stdout
    printf7.o(i.__0snprintf$7) refers to printf7.o(i._printf_core) for _printf_core
    printf7.o(i.__0snprintf$7) refers to printf7.o(i._snputc) for _snputc
    printf7.o(i.__0sprintf$7) refers to printf7.o(i._printf_core) for _printf_core
    printf7.o(i.__0sprintf$7) refers to printf7.o(i._sputc) for _sputc
    printf7.o(i.__0vfprintf$7) refers to printf7.o(i._printf_core) for _printf_core
    printf7.o(i.__0vfprintf$7) refers to fputc.o(i.fputc) for fputc
    printf7.o(i.__0vprintf$7) refers to printf7.o(i._printf_core) for _printf_core
    printf7.o(i.__0vprintf$7) refers to fputc.o(i.fputc) for fputc
    printf7.o(i.__0vprintf$7) refers to stdout.o(.data) for __stdout
    printf7.o(i.__0vsnprintf$7) refers to printf7.o(i._printf_core) for _printf_core
    printf7.o(i.__0vsnprintf$7) refers to printf7.o(i._snputc) for _snputc
    printf7.o(i.__0vsprintf$7) refers to printf7.o(i._printf_core) for _printf_core
    printf7.o(i.__0vsprintf$7) refers to printf7.o(i._sputc) for _sputc
    printf7.o(i._printf_core) refers to printf7.o(i._printf_pre_padding) for _printf_pre_padding
    printf7.o(i._printf_core) refers to uldiv.o(.text) for __aeabi_uldivmod
    printf7.o(i._printf_core) refers to printf7.o(i._printf_post_padding) for _printf_post_padding
    printf8.o(i.__0fprintf$8) refers to printf8.o(i._printf_core) for _printf_core
    printf8.o(i.__0fprintf$8) refers to fputc.o(i.fputc) for fputc
    printf8.o(i.__0printf$8) refers to printf8.o(i._printf_core) for _printf_core
    printf8.o(i.__0printf$8) refers to fputc.o(i.fputc) for fputc
    printf8.o(i.__0printf$8) refers to stdout.o(.data) for __stdout
    printf8.o(i.__0snprintf$8) refers to printf8.o(i._printf_core) for _printf_core
    printf8.o(i.__0snprintf$8) refers to printf8.o(i._snputc) for _snputc
    printf8.o(i.__0sprintf$8) refers to printf8.o(i._printf_core) for _printf_core
    printf8.o(i.__0sprintf$8) refers to printf8.o(i._sputc) for _sputc
    printf8.o(i.__0vfprintf$8) refers to printf8.o(i._printf_core) for _printf_core
    printf8.o(i.__0vfprintf$8) refers to fputc.o(i.fputc) for fputc
    printf8.o(i.__0vprintf$8) refers to printf8.o(i._printf_core) for _printf_core
    printf8.o(i.__0vprintf$8) refers to fputc.o(i.fputc) for fputc
    printf8.o(i.__0vprintf$8) refers to stdout.o(.data) for __stdout
    printf8.o(i.__0vsnprintf$8) refers to printf8.o(i._printf_core) for _printf_core
    printf8.o(i.__0vsnprintf$8) refers to printf8.o(i._snputc) for _snputc
    printf8.o(i.__0vsprintf$8) refers to printf8.o(i._printf_core) for _printf_core
    printf8.o(i.__0vsprintf$8) refers to printf8.o(i._sputc) for _sputc
    printf8.o(i._printf_core) refers to printf8.o(i._printf_pre_padding) for _printf_pre_padding
    printf8.o(i._printf_core) refers to uldiv.o(.text) for __aeabi_uldivmod
    printf8.o(i._printf_core) refers to printf8.o(i._printf_post_padding) for _printf_post_padding
    printfa.o(i.__0fprintf) refers (Special) to iusefp.o(.text) for __I$use$fp
    printfa.o(i.__0fprintf) refers to printfa.o(i._printf_core) for _printf_core
    printfa.o(i.__0fprintf) refers to fputc.o(i.fputc) for fputc
    printfa.o(i.__0printf) refers (Special) to iusefp.o(.text) for __I$use$fp
    printfa.o(i.__0printf) refers to printfa.o(i._printf_core) for _printf_core
    printfa.o(i.__0printf) refers to fputc.o(i.fputc) for fputc
    printfa.o(i.__0printf) refers to stdout.o(.data) for __stdout
    printfa.o(i.__0snprintf) refers (Special) to iusefp.o(.text) for __I$use$fp
    printfa.o(i.__0snprintf) refers to printfa.o(i._printf_core) for _printf_core
    printfa.o(i.__0snprintf) refers to printfa.o(i._snputc) for _snputc
    printfa.o(i.__0sprintf) refers (Special) to iusefp.o(.text) for __I$use$fp
    printfa.o(i.__0sprintf) refers to printfa.o(i._printf_core) for _printf_core
    printfa.o(i.__0sprintf) refers to printfa.o(i._sputc) for _sputc
    printfa.o(i.__0vfprintf) refers (Special) to iusefp.o(.text) for __I$use$fp
    printfa.o(i.__0vfprintf) refers to printfa.o(i._printf_core) for _printf_core
    printfa.o(i.__0vfprintf) refers to fputc.o(i.fputc) for fputc
    printfa.o(i.__0vprintf) refers (Special) to iusefp.o(.text) for __I$use$fp
    printfa.o(i.__0vprintf) refers to printfa.o(i._printf_core) for _printf_core
    printfa.o(i.__0vprintf) refers to fputc.o(i.fputc) for fputc
    printfa.o(i.__0vprintf) refers to stdout.o(.data) for __stdout
    printfa.o(i.__0vsnprintf) refers (Special) to iusefp.o(.text) for __I$use$fp
    printfa.o(i.__0vsnprintf) refers to printfa.o(i._printf_core) for _printf_core
    printfa.o(i.__0vsnprintf) refers to printfa.o(i._snputc) for _snputc
    printfa.o(i.__0vsprintf) refers (Special) to iusefp.o(.text) for __I$use$fp
    printfa.o(i.__0vsprintf) refers to printfa.o(i._printf_core) for _printf_core
    printfa.o(i.__0vsprintf) refers to printfa.o(i._sputc) for _sputc
    printfa.o(i._fp_digits) refers (Special) to iusefp.o(.text) for __I$use$fp
    printfa.o(i._fp_digits) refers to dmul.o(.text) for __aeabi_dmul
    printfa.o(i._fp_digits) refers to ddiv.o(.text) for __aeabi_ddiv
    printfa.o(i._fp_digits) refers to cdrcmple.o(.text) for __aeabi_cdrcmple
    printfa.o(i._fp_digits) refers to dadd.o(.text) for __aeabi_dadd
    printfa.o(i._fp_digits) refers to dfixul.o(.text) for __aeabi_d2ulz
    printfa.o(i._fp_digits) refers to uldiv.o(.text) for __aeabi_uldivmod
    printfa.o(i._printf_core) refers (Special) to iusefp.o(.text) for __I$use$fp
    printfa.o(i._printf_core) refers to printfa.o(i._printf_pre_padding) for _printf_pre_padding
    printfa.o(i._printf_core) refers to uldiv.o(.text) for __aeabi_uldivmod
    printfa.o(i._printf_core) refers to printfa.o(i._printf_post_padding) for _printf_post_padding
    printfa.o(i._printf_core) refers to printfa.o(i._fp_digits) for _fp_digits
    printfa.o(i._printf_core) refers to uidiv.o(.text) for __aeabi_uidivmod
    printfa.o(i._printf_post_padding) refers (Special) to iusefp.o(.text) for __I$use$fp
    printfa.o(i._printf_pre_padding) refers (Special) to iusefp.o(.text) for __I$use$fp
    printfa.o(i._snputc) refers (Special) to iusefp.o(.text) for __I$use$fp
    printfa.o(i._sputc) refers (Special) to iusefp.o(.text) for __I$use$fp
    fadd.o(.text) refers (Special) to iusefp.o(.text) for __I$use$fp
    fadd.o(.text) refers to fepilogue.o(.text) for _float_epilogue
    fmul.o(.text) refers (Special) to iusefp.o(.text) for __I$use$fp
    fdiv.o(.text) refers (Special) to iusefp.o(.text) for __I$use$fp
    fdiv.o(.text) refers to fepilogue.o(.text) for _float_round
    ffltui.o(.text) refers (Special) to iusefp.o(.text) for __I$use$fp
    ffltui.o(.text) refers to fepilogue.o(.text) for _float_epilogue
    f2d.o(.text) refers (Special) to iusefp.o(.text) for __I$use$fp
    entry2.o(.ARM.Collect$$$$00000001) refers to entry2.o(.ARM.Collect$$$$00002712) for __lit__00000000
    entry2.o(.ARM.Collect$$$$00002712) refers to startup_stm32f10x_md.o(STACK) for __initial_sp
    entry2.o(__vectab_stack_and_reset_area) refers to startup_stm32f10x_md.o(STACK) for __initial_sp
    entry2.o(__vectab_stack_and_reset_area) refers to entry.o(.ARM.Collect$$$$00000000) for __main
    entry5.o(.ARM.Collect$$$$00000004) refers to init.o(.text) for __scatterload
    entry9a.o(.ARM.Collect$$$$0000000B) refers to main.o(.text.main) for main
    entry9b.o(.ARM.Collect$$$$0000000C) refers to main.o(.text.main) for main
    fputc.o(i.fputc) refers (Special) to iusesemip.o(.text) for __I$use$semihosting$fputc
    fputc.o(i.fputc) refers (Special) to semi.o(.text) for __semihosting_library_function
    fputc_h.o(i._fputc$hlt) refers (Special) to iusesemip.o(.text) for __I$use$semihosting$fputc
    fputc_h.o(i._fputc$hlt) refers (Special) to semi.o(.text) for __semihosting_library_function
    uldiv.o(.text) refers to llushr.o(.text) for __aeabi_llsr
    uldiv.o(.text) refers to llshl.o(.text) for __aeabi_llsl
    fepilogue.o(.text) refers (Special) to iusefp.o(.text) for __I$use$fp
    dadd.o(.text) refers (Special) to iusefp.o(.text) for __I$use$fp
    dadd.o(.text) refers to llshl.o(.text) for __aeabi_llsl
    dadd.o(.text) refers to llsshr.o(.text) for __aeabi_lasr
    dadd.o(.text) refers to depilogue.o(.text) for _double_epilogue
    dmul.o(.text) refers (Special) to iusefp.o(.text) for __I$use$fp
    dmul.o(.text) refers to depilogue.o(.text) for _double_epilogue
    ddiv.o(.text) refers (Special) to iusefp.o(.text) for __I$use$fp
    ddiv.o(.text) refers to depilogue.o(.text) for _double_round
    dfixul.o(.text) refers (Special) to iusefp.o(.text) for __I$use$fp
    dfixul.o(.text) refers to llushr.o(.text) for __aeabi_llsr
    dfixul.o(.text) refers to llshl.o(.text) for __aeabi_llsl
    cdrcmple.o(.text) refers (Special) to iusefp.o(.text) for __I$use$fp
    init.o(.text) refers to entry5.o(.ARM.Collect$$$$00000004) for __main_after_scatterload
    depilogue.o(.text) refers (Special) to iusefp.o(.text) for __I$use$fp
    depilogue.o(.text) refers to llshl.o(.text) for __aeabi_llsl
    depilogue.o(.text) refers to llushr.o(.text) for __aeabi_llsr


==============================================================================

Removing Unused input sections from the image.

    Removing main.o(.text), (0 bytes).
    Removing main.o(.ARM.exidx.text.main), (8 bytes).
    Removing main.o(.ARM.use_no_argv), (4 bytes).
    Removing stm32f10x_it.o(.text), (0 bytes).
    Removing stm32f10x_it.o(.ARM.exidx.text.NMI_Handler), (8 bytes).
    Removing stm32f10x_it.o(.ARM.exidx.text.HardFault_Handler), (8 bytes).
    Removing stm32f10x_it.o(.ARM.exidx.text.MemManage_Handler), (8 bytes).
    Removing stm32f10x_it.o(.ARM.exidx.text.BusFault_Handler), (8 bytes).
    Removing stm32f10x_it.o(.ARM.exidx.text.UsageFault_Handler), (8 bytes).
    Removing stm32f10x_it.o(.ARM.exidx.text.SVC_Handler), (8 bytes).
    Removing stm32f10x_it.o(.ARM.exidx.text.DebugMon_Handler), (8 bytes).
    Removing stm32f10x_it.o(.ARM.exidx.text.PendSV_Handler), (8 bytes).
    Removing stm32f10x_it.o(.ARM.exidx.text.SysTick_Handler), (8 bytes).
    Removing delay.o(.text), (0 bytes).
    Removing delay.o(.ARM.exidx.text.DelayInit), (8 bytes).
    Removing delay.o(.ARM.exidx.text.delay_us), (8 bytes).
    Removing delay.o(.ARM.exidx.text.delay_ms), (8 bytes).
    Removing delay.o(.text.DelayS), (92 bytes).
    Removing delay.o(.ARM.exidx.text.DelayS), (8 bytes).
    Removing usart2.o(.text), (0 bytes).
    Removing usart2.o(.ARM.exidx.text.usart2_init), (8 bytes).
    Removing usart2.o(.ARM.exidx.text.USART2_ClearRxBuffer), (8 bytes).
    Removing usart2.o(.ARM.exidx.text.USART2_IRQHandler), (8 bytes).
    Removing usart2.o(.text.USART2_RX_STA_SET), (18 bytes).
    Removing usart2.o(.ARM.exidx.text.USART2_RX_STA_SET), (8 bytes).
    Removing usart2.o(.ARM.exidx.text.u2_printf), (8 bytes).
    Removing usart2.o(.text.USART2_SendBuffer), (64 bytes).
    Removing usart2.o(.ARM.exidx.text.USART2_SendBuffer), (8 bytes).
    Removing usart2.o(.ARM.exidx.text.USART2_GetRxBuffer), (8 bytes).
    Removing esp01_at.o(.text), (0 bytes).
    Removing esp01_at.o(.ARM.exidx.text.ESP01_BasicSetup), (8 bytes).
    Removing esp01_at.o(.ARM.exidx.text.ESP01_DebugLogf), (8 bytes).
    Removing esp01_at.o(.ARM.exidx.text.ESP01_SendCommand), (8 bytes).
    Removing esp01_at.o(.ARM.exidx.text.ESP01_ConnectWiFi), (8 bytes).
    Removing esp01_at.o(.ARM.exidx.text.ESP01_MQTTConnect), (8 bytes).
    Removing esp01_at.o(.ARM.exidx.text.ESP01_MQTTSubscribeCommand), (8 bytes).
    Removing esp01_at.o(.ARM.exidx.text.ESP01_MQTTPublishTelemetry), (8 bytes).
    Removing esp01_at.o(.ARM.exidx.text.ESP01_Poll), (8 bytes).
    Removing esp01_at.o(.ARM.exidx.text.ESP01_IsAlarmOn), (8 bytes).
    Removing esp01_at.o(.text.ESP01_GetAlarmReason), (10 bytes).
    Removing esp01_at.o(.ARM.exidx.text.ESP01_GetAlarmReason), (8 bytes).
    Removing debug_uart.o(.text), (0 bytes).
    Removing debug_uart.o(.ARM.exidx.text.DebugUart_Init), (8 bytes).
    Removing debug_uart.o(.ARM.exidx.text.DebugUart_SendString), (8 bytes).
    Removing sht31.o(.text), (0 bytes).
    Removing sht31.o(.ARM.exidx.text.SHT31_Init), (8 bytes).
    Removing sht31.o(.ARM.exidx.text.SHT31_Read), (8 bytes).
    Removing sht31.o(.ARM.exidx.text.SHT31_Stop), (8 bytes).
    Removing sht31.o(.ARM.exidx.text.SHT31_ReadByte), (8 bytes).
    Removing misc.o(.text), (0 bytes).
    Removing misc.o(.text.NVIC_PriorityGroupConfig), (20 bytes).
    Removing misc.o(.ARM.exidx.text.NVIC_PriorityGroupConfig), (8 bytes).
    Removing misc.o(.ARM.exidx.text.NVIC_Init), (8 bytes).
    Removing misc.o(.text.NVIC_SetVectorTable), (24 bytes).
    Removing misc.o(.ARM.exidx.text.NVIC_SetVectorTable), (8 bytes).
    Removing misc.o(.text.NVIC_SystemLPConfig), (24 bytes).
    Removing misc.o(.ARM.exidx.text.NVIC_SystemLPConfig), (8 bytes).
    Removing misc.o(.ARM.exidx.text.SysTick_CLKSourceConfig), (8 bytes).
    Removing stm32f10x_gpio.o(.text), (0 bytes).
    Removing stm32f10x_gpio.o(.text.GPIO_DeInit), (54 bytes).
    Removing stm32f10x_gpio.o(.ARM.exidx.text.GPIO_DeInit), (8 bytes).
    Removing stm32f10x_gpio.o(.text.GPIO_AFIODeInit), (22 bytes).
    Removing stm32f10x_gpio.o(.ARM.exidx.text.GPIO_AFIODeInit), (8 bytes).
    Removing stm32f10x_gpio.o(.ARM.exidx.text.GPIO_Init), (8 bytes).
    Removing stm32f10x_gpio.o(.text.GPIO_StructInit), (12 bytes).
    Removing stm32f10x_gpio.o(.ARM.exidx.text.GPIO_StructInit), (8 bytes).
    Removing stm32f10x_gpio.o(.ARM.exidx.text.GPIO_ReadInputDataBit), (8 bytes).
    Removing stm32f10x_gpio.o(.text.GPIO_ReadInputData), (6 bytes).
    Removing stm32f10x_gpio.o(.ARM.exidx.text.GPIO_ReadInputData), (8 bytes).
    Removing stm32f10x_gpio.o(.ARM.exidx.text.GPIO_ReadOutputDataBit), (8 bytes).
    Removing stm32f10x_gpio.o(.text.GPIO_ReadOutputData), (6 bytes).
    Removing stm32f10x_gpio.o(.ARM.exidx.text.GPIO_ReadOutputData), (8 bytes).
    Removing stm32f10x_gpio.o(.ARM.exidx.text.GPIO_SetBits), (8 bytes).
    Removing stm32f10x_gpio.o(.ARM.exidx.text.GPIO_ResetBits), (8 bytes).
    Removing stm32f10x_gpio.o(.text.GPIO_WriteBit), (12 bytes).
    Removing stm32f10x_gpio.o(.ARM.exidx.text.GPIO_WriteBit), (8 bytes).
    Removing stm32f10x_gpio.o(.text.GPIO_Write), (4 bytes).
    Removing stm32f10x_gpio.o(.ARM.exidx.text.GPIO_Write), (8 bytes).
    Removing stm32f10x_gpio.o(.text.GPIO_PinLockConfig), (16 bytes).
    Removing stm32f10x_gpio.o(.ARM.exidx.text.GPIO_PinLockConfig), (8 bytes).
    Removing stm32f10x_gpio.o(.text.GPIO_EventOutputConfig), (30 bytes).
    Removing stm32f10x_gpio.o(.ARM.exidx.text.GPIO_EventOutputConfig), (8 bytes).
    Removing stm32f10x_gpio.o(.text.GPIO_EventOutputCmd), (10 bytes).
    Removing stm32f10x_gpio.o(.ARM.exidx.text.GPIO_EventOutputCmd), (8 bytes).
    Removing stm32f10x_gpio.o(.text.GPIO_PinRemapConfig), (128 bytes).
    Removing stm32f10x_gpio.o(.ARM.exidx.text.GPIO_PinRemapConfig), (8 bytes).
    Removing stm32f10x_gpio.o(.text.GPIO_EXTILineConfig), (46 bytes).
    Removing stm32f10x_gpio.o(.ARM.exidx.text.GPIO_EXTILineConfig), (8 bytes).
    Removing stm32f10x_gpio.o(.text.GPIO_ETH_MediaInterfaceConfig), (10 bytes).
    Removing stm32f10x_gpio.o(.ARM.exidx.text.GPIO_ETH_MediaInterfaceConfig), (8 bytes).
    Removing stm32f10x_gpio.o(.rodata..Lswitch.table.GPIO_DeInit.1), (28 bytes).
    Removing stm32f10x_rcc.o(.text), (0 bytes).
    Removing stm32f10x_rcc.o(.text.RCC_DeInit), (66 bytes).
    Removing stm32f10x_rcc.o(.ARM.exidx.text.RCC_DeInit), (8 bytes).
    Removing stm32f10x_rcc.o(.text.RCC_HSEConfig), (50 bytes).
    Removing stm32f10x_rcc.o(.ARM.exidx.text.RCC_HSEConfig), (8 bytes).
    Removing stm32f10x_rcc.o(.text.RCC_WaitForHSEStartUp), (48 bytes).
    Removing stm32f10x_rcc.o(.ARM.exidx.text.RCC_WaitForHSEStartUp), (8 bytes).
    Removing stm32f10x_rcc.o(.text.RCC_GetFlagStatus), (38 bytes).
    Removing stm32f10x_rcc.o(.ARM.exidx.text.RCC_GetFlagStatus), (8 bytes).
    Removing stm32f10x_rcc.o(.text.RCC_AdjustHSICalibrationValue), (22 bytes).
    Removing stm32f10x_rcc.o(.ARM.exidx.text.RCC_AdjustHSICalibrationValue), (8 bytes).
    Removing stm32f10x_rcc.o(.text.RCC_HSICmd), (10 bytes).
    Removing stm32f10x_rcc.o(.ARM.exidx.text.RCC_HSICmd), (8 bytes).
    Removing stm32f10x_rcc.o(.text.RCC_PLLConfig), (22 bytes).
    Removing stm32f10x_rcc.o(.ARM.exidx.text.RCC_PLLConfig), (8 bytes).
    Removing stm32f10x_rcc.o(.text.RCC_PLLCmd), (10 bytes).
    Removing stm32f10x_rcc.o(.ARM.exidx.text.RCC_PLLCmd), (8 bytes).
    Removing stm32f10x_rcc.o(.text.RCC_SYSCLKConfig), (20 bytes).
    Removing stm32f10x_rcc.o(.ARM.exidx.text.RCC_SYSCLKConfig), (8 bytes).
    Removing stm32f10x_rcc.o(.text.RCC_GetSYSCLKSource), (16 bytes).
    Removing stm32f10x_rcc.o(.ARM.exidx.text.RCC_GetSYSCLKSource), (8 bytes).
    Removing stm32f10x_rcc.o(.text.RCC_HCLKConfig), (20 bytes).
    Removing stm32f10x_rcc.o(.ARM.exidx.text.RCC_HCLKConfig), (8 bytes).
    Removing stm32f10x_rcc.o(.text.RCC_PCLK1Config), (20 bytes).
    Removing stm32f10x_rcc.o(.ARM.exidx.text.RCC_PCLK1Config), (8 bytes).
    Removing stm32f10x_rcc.o(.text.RCC_PCLK2Config), (22 bytes).
    Removing stm32f10x_rcc.o(.ARM.exidx.text.RCC_PCLK2Config), (8 bytes).
    Removing stm32f10x_rcc.o(.text.RCC_ITConfig), (24 bytes).
    Removing stm32f10x_rcc.o(.ARM.exidx.text.RCC_ITConfig), (8 bytes).
    Removing stm32f10x_rcc.o(.text.RCC_USBCLKConfig), (10 bytes).
    Removing stm32f10x_rcc.o(.ARM.exidx.text.RCC_USBCLKConfig), (8 bytes).
    Removing stm32f10x_rcc.o(.text.RCC_ADCCLKConfig), (20 bytes).
    Removing stm32f10x_rcc.o(.ARM.exidx.text.RCC_ADCCLKConfig), (8 bytes).
    Removing stm32f10x_rcc.o(.text.RCC_LSEConfig), (30 bytes).
    Removing stm32f10x_rcc.o(.ARM.exidx.text.RCC_LSEConfig), (8 bytes).
    Removing stm32f10x_rcc.o(.text.RCC_LSICmd), (12 bytes).
    Removing stm32f10x_rcc.o(.ARM.exidx.text.RCC_LSICmd), (8 bytes).
    Removing stm32f10x_rcc.o(.text.RCC_RTCCLKConfig), (16 bytes).
    Removing stm32f10x_rcc.o(.ARM.exidx.text.RCC_RTCCLKConfig), (8 bytes).
    Removing stm32f10x_rcc.o(.text.RCC_RTCCLKCmd), (12 bytes).
    Removing stm32f10x_rcc.o(.ARM.exidx.text.RCC_RTCCLKCmd), (8 bytes).
    Removing stm32f10x_rcc.o(.ARM.exidx.text.RCC_GetClocksFreq), (8 bytes).
    Removing stm32f10x_rcc.o(.text.RCC_AHBPeriphClockCmd), (24 bytes).
    Removing stm32f10x_rcc.o(.ARM.exidx.text.RCC_AHBPeriphClockCmd), (8 bytes).
    Removing stm32f10x_rcc.o(.ARM.exidx.text.RCC_APB2PeriphClockCmd), (8 bytes).
    Removing stm32f10x_rcc.o(.ARM.exidx.text.RCC_APB1PeriphClockCmd), (8 bytes).
    Removing stm32f10x_rcc.o(.ARM.exidx.text.RCC_APB2PeriphResetCmd), (8 bytes).
    Removing stm32f10x_rcc.o(.ARM.exidx.text.RCC_APB1PeriphResetCmd), (8 bytes).
    Removing stm32f10x_rcc.o(.text.RCC_BackupResetCmd), (12 bytes).
    Removing stm32f10x_rcc.o(.ARM.exidx.text.RCC_BackupResetCmd), (8 bytes).
    Removing stm32f10x_rcc.o(.text.RCC_ClockSecuritySystemCmd), (10 bytes).
    Removing stm32f10x_rcc.o(.ARM.exidx.text.RCC_ClockSecuritySystemCmd), (8 bytes).
    Removing stm32f10x_rcc.o(.text.RCC_MCOConfig), (12 bytes).
    Removing stm32f10x_rcc.o(.ARM.exidx.text.RCC_MCOConfig), (8 bytes).
    Removing stm32f10x_rcc.o(.text.RCC_ClearFlag), (18 bytes).
    Removing stm32f10x_rcc.o(.ARM.exidx.text.RCC_ClearFlag), (8 bytes).
    Removing stm32f10x_rcc.o(.text.RCC_GetITStatus), (18 bytes).
    Removing stm32f10x_rcc.o(.ARM.exidx.text.RCC_GetITStatus), (8 bytes).
    Removing stm32f10x_rcc.o(.text.RCC_ClearITPendingBit), (12 bytes).
    Removing stm32f10x_rcc.o(.ARM.exidx.text.RCC_ClearITPendingBit), (8 bytes).
    Removing stm32f10x_usart.o(.text), (0 bytes).
    Removing stm32f10x_usart.o(.ARM.exidx.text.USART_DeInit), (8 bytes).
    Removing stm32f10x_usart.o(.ARM.exidx.text.USART_Init), (8 bytes).
    Removing stm32f10x_usart.o(.text.USART_StructInit), (18 bytes).
    Removing stm32f10x_usart.o(.ARM.exidx.text.USART_StructInit), (8 bytes).
    Removing stm32f10x_usart.o(.text.USART_ClockInit), (34 bytes).
    Removing stm32f10x_usart.o(.ARM.exidx.text.USART_ClockInit), (8 bytes).
    Removing stm32f10x_usart.o(.text.USART_ClockStructInit), (8 bytes).
    Removing stm32f10x_usart.o(.ARM.exidx.text.USART_ClockStructInit), (8 bytes).
    Removing stm32f10x_usart.o(.ARM.exidx.text.USART_Cmd), (8 bytes).
    Removing stm32f10x_usart.o(.ARM.exidx.text.USART_ITConfig), (8 bytes).
    Removing stm32f10x_usart.o(.text.USART_DMACmd), (16 bytes).
    Removing stm32f10x_usart.o(.ARM.exidx.text.USART_DMACmd), (8 bytes).
    Removing stm32f10x_usart.o(.text.USART_SetAddress), (16 bytes).
    Removing stm32f10x_usart.o(.ARM.exidx.text.USART_SetAddress), (8 bytes).
    Removing stm32f10x_usart.o(.text.USART_WakeUpConfig), (16 bytes).
    Removing stm32f10x_usart.o(.ARM.exidx.text.USART_WakeUpConfig), (8 bytes).
    Removing stm32f10x_usart.o(.text.USART_ReceiverWakeUpCmd), (20 bytes).
    Removing stm32f10x_usart.o(.ARM.exidx.text.USART_ReceiverWakeUpCmd), (8 bytes).
    Removing stm32f10x_usart.o(.text.USART_LINBreakDetectLengthConfig), (16 bytes).
    Removing stm32f10x_usart.o(.ARM.exidx.text.USART_LINBreakDetectLengthConfig), (8 bytes).
    Removing stm32f10x_usart.o(.text.USART_LINCmd), (20 bytes).
    Removing stm32f10x_usart.o(.ARM.exidx.text.USART_LINCmd), (8 bytes).
    Removing stm32f10x_usart.o(.ARM.exidx.text.USART_SendData), (8 bytes).
    Removing stm32f10x_usart.o(.ARM.exidx.text.USART_ReceiveData), (8 bytes).
    Removing stm32f10x_usart.o(.text.USART_SendBreak), (10 bytes).
    Removing stm32f10x_usart.o(.ARM.exidx.text.USART_SendBreak), (8 bytes).
    Removing stm32f10x_usart.o(.text.USART_SetGuardTime), (16 bytes).
    Removing stm32f10x_usart.o(.ARM.exidx.text.USART_SetGuardTime), (8 bytes).
    Removing stm32f10x_usart.o(.text.USART_SetPrescaler), (16 bytes).
    Removing stm32f10x_usart.o(.ARM.exidx.text.USART_SetPrescaler), (8 bytes).
    Removing stm32f10x_usart.o(.text.USART_SmartCardCmd), (20 bytes).
    Removing stm32f10x_usart.o(.ARM.exidx.text.USART_SmartCardCmd), (8 bytes).
    Removing stm32f10x_usart.o(.text.USART_SmartCardNACKCmd), (20 bytes).
    Removing stm32f10x_usart.o(.ARM.exidx.text.USART_SmartCardNACKCmd), (8 bytes).
    Removing stm32f10x_usart.o(.text.USART_HalfDuplexCmd), (20 bytes).
    Removing stm32f10x_usart.o(.ARM.exidx.text.USART_HalfDuplexCmd), (8 bytes).
    Removing stm32f10x_usart.o(.text.USART_OverSampling8Cmd), (20 bytes).
    Removing stm32f10x_usart.o(.ARM.exidx.text.USART_OverSampling8Cmd), (8 bytes).
    Removing stm32f10x_usart.o(.text.USART_OneBitMethodCmd), (20 bytes).
    Removing stm32f10x_usart.o(.ARM.exidx.text.USART_OneBitMethodCmd), (8 bytes).
    Removing stm32f10x_usart.o(.text.USART_IrDAConfig), (16 bytes).
    Removing stm32f10x_usart.o(.ARM.exidx.text.USART_IrDAConfig), (8 bytes).
    Removing stm32f10x_usart.o(.text.USART_IrDACmd), (20 bytes).
    Removing stm32f10x_usart.o(.ARM.exidx.text.USART_IrDACmd), (8 bytes).
    Removing stm32f10x_usart.o(.ARM.exidx.text.USART_GetFlagStatus), (8 bytes).
    Removing stm32f10x_usart.o(.ARM.exidx.text.USART_ClearFlag), (8 bytes).
    Removing stm32f10x_usart.o(.ARM.exidx.text.USART_GetITStatus), (8 bytes).
    Removing stm32f10x_usart.o(.text.USART_ClearITPendingBit), (14 bytes).
    Removing stm32f10x_usart.o(.ARM.exidx.text.USART_ClearITPendingBit), (8 bytes).
    Removing core_cm3.o(.text), (0 bytes).
    Removing core_cm3.o(.text.__get_PSP), (6 bytes).
    Removing core_cm3.o(.ARM.exidx.text.__get_PSP), (8 bytes).
    Removing core_cm3.o(.text.__set_PSP), (6 bytes).
    Removing core_cm3.o(.ARM.exidx.text.__set_PSP), (8 bytes).
    Removing core_cm3.o(.text.__get_MSP), (6 bytes).
    Removing core_cm3.o(.ARM.exidx.text.__get_MSP), (8 bytes).
    Removing core_cm3.o(.text.__set_MSP), (6 bytes).
    Removing core_cm3.o(.ARM.exidx.text.__set_MSP), (8 bytes).
    Removing core_cm3.o(.text.__get_BASEPRI), (6 bytes).
    Removing core_cm3.o(.ARM.exidx.text.__get_BASEPRI), (8 bytes).
    Removing core_cm3.o(.text.__set_BASEPRI), (6 bytes).
    Removing core_cm3.o(.ARM.exidx.text.__set_BASEPRI), (8 bytes).
    Removing core_cm3.o(.text.__get_PRIMASK), (6 bytes).
    Removing core_cm3.o(.ARM.exidx.text.__get_PRIMASK), (8 bytes).
    Removing core_cm3.o(.text.__set_PRIMASK), (6 bytes).
    Removing core_cm3.o(.ARM.exidx.text.__set_PRIMASK), (8 bytes).
    Removing core_cm3.o(.text.__get_FAULTMASK), (6 bytes).
    Removing core_cm3.o(.ARM.exidx.text.__get_FAULTMASK), (8 bytes).
    Removing core_cm3.o(.text.__set_FAULTMASK), (6 bytes).
    Removing core_cm3.o(.ARM.exidx.text.__set_FAULTMASK), (8 bytes).
    Removing core_cm3.o(.text.__get_CONTROL), (6 bytes).
    Removing core_cm3.o(.ARM.exidx.text.__get_CONTROL), (8 bytes).
    Removing core_cm3.o(.text.__set_CONTROL), (6 bytes).
    Removing core_cm3.o(.ARM.exidx.text.__set_CONTROL), (8 bytes).
    Removing core_cm3.o(.text.__REV), (4 bytes).
    Removing core_cm3.o(.ARM.exidx.text.__REV), (8 bytes).
    Removing core_cm3.o(.text.__REV16), (4 bytes).
    Removing core_cm3.o(.ARM.exidx.text.__REV16), (8 bytes).
    Removing core_cm3.o(.text.__REVSH), (4 bytes).
    Removing core_cm3.o(.ARM.exidx.text.__REVSH), (8 bytes).
    Removing core_cm3.o(.text.__RBIT), (6 bytes).
    Removing core_cm3.o(.ARM.exidx.text.__RBIT), (8 bytes).
    Removing core_cm3.o(.text.__LDREXB), (8 bytes).
    Removing core_cm3.o(.ARM.exidx.text.__LDREXB), (8 bytes).
    Removing core_cm3.o(.text.__LDREXH), (8 bytes).
    Removing core_cm3.o(.ARM.exidx.text.__LDREXH), (8 bytes).
    Removing core_cm3.o(.text.__LDREXW), (6 bytes).
    Removing core_cm3.o(.ARM.exidx.text.__LDREXW), (8 bytes).
    Removing core_cm3.o(.text.__STREXB), (6 bytes).
    Removing core_cm3.o(.ARM.exidx.text.__STREXB), (8 bytes).
    Removing core_cm3.o(.text.__STREXH), (6 bytes).
    Removing core_cm3.o(.ARM.exidx.text.__STREXH), (8 bytes).
    Removing core_cm3.o(.text.__STREXW), (6 bytes).
    Removing core_cm3.o(.ARM.exidx.text.__STREXW), (8 bytes).
    Removing system_stm32f10x.o(.text), (0 bytes).
    Removing system_stm32f10x.o(.ARM.exidx.text.SystemInit), (8 bytes).
    Removing system_stm32f10x.o(.text.SystemCoreClockUpdate), (94 bytes).
    Removing system_stm32f10x.o(.ARM.exidx.text.SystemCoreClockUpdate), (8 bytes).
    Removing system_stm32f10x.o(.rodata.AHBPrescTable), (16 bytes).
    Removing startup_stm32f10x_md.o(HEAP), (512 bytes).

252 unused section(s) (total 3502 bytes) removed from the image.

==============================================================================

Image Symbol Table

    Local Symbols

    Symbol Name                              Value     Ov Type        Size  Object(Section)

    ../clib/division.s                       0x00000000   Number         0  aeabi_sdiv.o ABSOLUTE
    ../clib/microlib/division.c              0x00000000   Number         0  uidiv.o ABSOLUTE
    ../clib/microlib/division.c              0x00000000   Number         0  uldiv.o ABSOLUTE
    ../clib/microlib/init/entry.s            0x00000000   Number         0  entry.o ABSOLUTE
    ../clib/microlib/init/entry.s            0x00000000   Number         0  entry2.o ABSOLUTE
    ../clib/microlib/init/entry.s            0x00000000   Number         0  entry5.o ABSOLUTE
    ../clib/microlib/init/entry.s            0x00000000   Number         0  entry7a.o ABSOLUTE
    ../clib/microlib/init/entry.s            0x00000000   Number         0  entry7b.o ABSOLUTE
    ../clib/microlib/init/entry.s            0x00000000   Number         0  entry8a.o ABSOLUTE
    ../clib/microlib/init/entry.s            0x00000000   Number         0  entry8b.o ABSOLUTE
    ../clib/microlib/init/entry.s            0x00000000   Number         0  entry9a.o ABSOLUTE
    ../clib/microlib/init/entry.s            0x00000000   Number         0  entry9b.o ABSOLUTE
    ../clib/microlib/init/entry.s            0x00000000   Number         0  entry10a.o ABSOLUTE
    ../clib/microlib/init/entry.s            0x00000000   Number         0  entry10b.o ABSOLUTE
    ../clib/microlib/init/entry.s            0x00000000   Number         0  entry11a.o ABSOLUTE
    ../clib/microlib/init/entry.s            0x00000000   Number         0  entry11b.o ABSOLUTE
    ../clib/microlib/longlong.c              0x00000000   Number         0  llshl.o ABSOLUTE
    ../clib/microlib/longlong.c              0x00000000   Number         0  llushr.o ABSOLUTE
    ../clib/microlib/longlong.c              0x00000000   Number         0  llsshr.o ABSOLUTE
    ../clib/microlib/printf/printf.c         0x00000000   Number         0  printfb.o ABSOLUTE
    ../clib/microlib/printf/printf.c         0x00000000   Number         0  printf0.o ABSOLUTE
    ../clib/microlib/printf/printf.c         0x00000000   Number         0  printf1.o ABSOLUTE
    ../clib/microlib/printf/printf.c         0x00000000   Number         0  printf2.o ABSOLUTE
    ../clib/microlib/printf/printf.c         0x00000000   Number         0  printf3.o ABSOLUTE
    ../clib/microlib/printf/printf.c         0x00000000   Number         0  printf4.o ABSOLUTE
    ../clib/microlib/printf/printf.c         0x00000000   Number         0  printf5.o ABSOLUTE
    ../clib/microlib/printf/printf.c         0x00000000   Number         0  printf6.o ABSOLUTE
    ../clib/microlib/printf/printf.c         0x00000000   Number         0  printf7.o ABSOLUTE
    ../clib/microlib/printf/printf.c         0x00000000   Number         0  printf8.o ABSOLUTE
    ../clib/microlib/printf/printf.c         0x00000000   Number         0  printfa.o ABSOLUTE
    ../clib/microlib/printf/stubs.s          0x00000000   Number         0  printfstubs.o ABSOLUTE
    ../clib/microlib/stdio/fputc.c           0x00000000   Number         0  fputc.o ABSOLUTE
    ../clib/microlib/stdio/fputc.c           0x00000000   Number         0  fputc_h.o ABSOLUTE
    ../clib/microlib/stdio/semi.s            0x00000000   Number         0  semi.o ABSOLUTE
    ../clib/microlib/stdio/streams.c         0x00000000   Number         0  stdout.o ABSOLUTE
    ../clib/microlib/string/memset.c         0x00000000   Number         0  memseta.o ABSOLUTE
    ../clib/microlib/string/strstr.c         0x00000000   Number         0  strstr.o ABSOLUTE
    ../clib/microlib/stubs.s                 0x00000000   Number         0  iusefp.o ABSOLUTE
    ../clib/microlib/stubs.s                 0x00000000   Number         0  iusesemip.o ABSOLUTE
    ../fplib/microlib/f2d.c                  0x00000000   Number         0  f2d.o ABSOLUTE
    ../fplib/microlib/fpadd.c                0x00000000   Number         0  fadd.o ABSOLUTE
    ../fplib/microlib/fpadd.c                0x00000000   Number         0  dadd.o ABSOLUTE
    ../fplib/microlib/fpdiv.c                0x00000000   Number         0  fdiv.o ABSOLUTE
    ../fplib/microlib/fpdiv.c                0x00000000   Number         0  ddiv.o ABSOLUTE
    ../fplib/microlib/fpepilogue.c           0x00000000   Number         0  fepilogue.o ABSOLUTE
    ../fplib/microlib/fpepilogue.c           0x00000000   Number         0  depilogue.o ABSOLUTE
    ../fplib/microlib/fpfix.c                0x00000000   Number         0  dfixul.o ABSOLUTE
    ../fplib/microlib/fpflt.c                0x00000000   Number         0  ffltui.o ABSOLUTE
    ../fplib/microlib/fpmul.c                0x00000000   Number         0  fmul.o ABSOLUTE
    ../fplib/microlib/fpmul.c                0x00000000   Number         0  dmul.o ABSOLUTE
    ..\Libraries\CMSIS\CM3\DeviceSupport\ST\STM32F10x\startup\arm\startup_stm32f10x_md.s 0x00000000   Number         0  startup_stm32f10x_md.o ABSOLUTE
    cdrcmple.s                               0x00000000   Number         0  cdrcmple.o ABSOLUTE
    core_cm3.c                               0x00000000   Number         0  core_cm3.o ABSOLUTE
    dc.s                                     0x00000000   Number         0  dc.o ABSOLUTE
    debug_uart.c                             0x00000000   Number         0  debug_uart.o ABSOLUTE
    delay.c                                  0x00000000   Number         0  delay.o ABSOLUTE
    esp01_at.c                               0x00000000   Number         0  esp01_at.o ABSOLUTE
    handlers.s                               0x00000000   Number         0  handlers.o ABSOLUTE
    init.s                                   0x00000000   Number         0  init.o ABSOLUTE
    main.c                                   0x00000000   Number         0  main.o ABSOLUTE
    misc.c                                   0x00000000   Number         0  misc.o ABSOLUTE
    sht31.c                                  0x00000000   Number         0  sht31.o ABSOLUTE
    stm32f10x_gpio.c                         0x00000000   Number         0  stm32f10x_gpio.o ABSOLUTE
    stm32f10x_it.c                           0x00000000   Number         0  stm32f10x_it.o ABSOLUTE
    stm32f10x_rcc.c                          0x00000000   Number         0  stm32f10x_rcc.o ABSOLUTE
    stm32f10x_usart.c                        0x00000000   Number         0  stm32f10x_usart.o ABSOLUTE
    system_stm32f10x.c                       0x00000000   Number         0  system_stm32f10x.o ABSOLUTE
    usart2.c                                 0x00000000   Number         0  usart2.o ABSOLUTE
    RESET                                    0x08000000   Section      236  startup_stm32f10x_md.o(RESET)
    .ARM.Collect$$$$00000000                 0x080000ec   Section        0  entry.o(.ARM.Collect$$$$00000000)
    .ARM.Collect$$$$00000001                 0x080000ec   Section        4  entry2.o(.ARM.Collect$$$$00000001)
    .ARM.Collect$$$$00000004                 0x080000f0   Section        4  entry5.o(.ARM.Collect$$$$00000004)
    .ARM.Collect$$$$00000008                 0x080000f4   Section        0  entry7b.o(.ARM.Collect$$$$00000008)
    .ARM.Collect$$$$0000000A                 0x080000f4   Section        0  entry8b.o(.ARM.Collect$$$$0000000A)
    .ARM.Collect$$$$0000000B                 0x080000f4   Section        8  entry9a.o(.ARM.Collect$$$$0000000B)
    __lit__00000000                          0x080000fc   Data           4  entry2.o(.ARM.Collect$$$$00002712)
    .ARM.Collect$$$$0000000D                 0x080000fc   Section        0  entry10a.o(.ARM.Collect$$$$0000000D)
    .ARM.Collect$$$$0000000F                 0x080000fc   Section        0  entry11a.o(.ARM.Collect$$$$0000000F)
    .ARM.Collect$$$$00002712                 0x080000fc   Section        4  entry2.o(.ARM.Collect$$$$00002712)
    .text                                    0x08000100   Section       36  startup_stm32f10x_md.o(.text)
    .text                                    0x08000124   Section        0  memseta.o(.text)
    .text                                    0x08000148   Section        0  strstr.o(.text)
    .text                                    0x0800016c   Section        0  fadd.o(.text)
    .text                                    0x0800021c   Section        0  fmul.o(.text)
    .text                                    0x08000280   Section        0  fdiv.o(.text)
    .text                                    0x080002fc   Section        0  ffltui.o(.text)
    .text                                    0x08000306   Section        0  f2d.o(.text)
    .text                                    0x0800032c   Section        0  uidiv.o(.text)
    .text                                    0x08000358   Section        0  uldiv.o(.text)
    .text                                    0x080003ba   Section        0  iusefp.o(.text)
    .text                                    0x080003ba   Section        0  fepilogue.o(.text)
    .text                                    0x08000428   Section        0  dadd.o(.text)
    .text                                    0x08000576   Section        0  dmul.o(.text)
    .text                                    0x0800065a   Section        0  ddiv.o(.text)
    .text                                    0x08000738   Section        0  dfixul.o(.text)
    .text                                    0x08000768   Section       48  cdrcmple.o(.text)
    .text                                    0x08000798   Section       48  init.o(.text)
    .text                                    0x080007c8   Section        0  llshl.o(.text)
    .text                                    0x080007e6   Section        0  llushr.o(.text)
    .text                                    0x08000806   Section        0  llsshr.o(.text)
    .text                                    0x0800082a   Section        0  depilogue.o(.text)
    [Anonymous Symbol]                       0x080008e4   Section        0  stm32f10x_it.o(.text.BusFault_Handler)
    [Anonymous Symbol]                       0x080008e8   Section        0  stm32f10x_it.o(.text.DebugMon_Handler)
    [Anonymous Symbol]                       0x080008ec   Section        0  debug_uart.o(.text.DebugUart_Init)
    [Anonymous Symbol]                       0x08000958   Section        0  debug_uart.o(.text.DebugUart_SendString)
    [Anonymous Symbol]                       0x080009a0   Section        0  delay.o(.text.DelayInit)
    [Anonymous Symbol]                       0x080009e4   Section        0  esp01_at.o(.text.ESP01_BasicSetup)
    ESP01_BasicSetup.baud_candidates         0x08000a94   Number         0  esp01_at.o(.text.ESP01_BasicSetup)
    [Anonymous Symbol]                       0x08000b0c   Section        0  esp01_at.o(.text.ESP01_ConnectWiFi)
    ESP01_DebugLogf                          0x08000bb1   Thumb Code    44  esp01_at.o(.text.ESP01_DebugLogf)
    [Anonymous Symbol]                       0x08000bb0   Section        0  esp01_at.o(.text.ESP01_DebugLogf)
    [Anonymous Symbol]                       0x08000bdc   Section        0  esp01_at.o(.text.ESP01_IsAlarmOn)
    [Anonymous Symbol]                       0x08000be8   Section        0  esp01_at.o(.text.ESP01_MQTTConnect)
    [Anonymous Symbol]                       0x08000cf8   Section        0  esp01_at.o(.text.ESP01_MQTTPublishTelemetry)
    [Anonymous Symbol]                       0x08000dc8   Section        0  esp01_at.o(.text.ESP01_MQTTSubscribeCommand)
    [Anonymous Symbol]                       0x08000e54   Section        0  esp01_at.o(.text.ESP01_Poll)
    ESP01_SendCommand                        0x08000f6d   Thumb Code   140  esp01_at.o(.text.ESP01_SendCommand)
    [Anonymous Symbol]                       0x08000f6c   Section        0  esp01_at.o(.text.ESP01_SendCommand)
    [Anonymous Symbol]                       0x0800101c   Section        0  stm32f10x_gpio.o(.text.GPIO_Init)
    [Anonymous Symbol]                       0x080010dc   Section        0  stm32f10x_gpio.o(.text.GPIO_ReadInputDataBit)
    [Anonymous Symbol]                       0x080010e8   Section        0  stm32f10x_gpio.o(.text.GPIO_ReadOutputDataBit)
    [Anonymous Symbol]                       0x080010f4   Section        0  stm32f10x_gpio.o(.text.GPIO_ResetBits)
    [Anonymous Symbol]                       0x080010f8   Section        0  stm32f10x_gpio.o(.text.GPIO_SetBits)
    [Anonymous Symbol]                       0x080010fc   Section        0  stm32f10x_it.o(.text.HardFault_Handler)
    [Anonymous Symbol]                       0x08001100   Section        0  stm32f10x_it.o(.text.MemManage_Handler)
    [Anonymous Symbol]                       0x08001104   Section        0  stm32f10x_it.o(.text.NMI_Handler)
    [Anonymous Symbol]                       0x08001108   Section        0  misc.o(.text.NVIC_Init)
    [Anonymous Symbol]                       0x08001168   Section        0  stm32f10x_it.o(.text.PendSV_Handler)
    [Anonymous Symbol]                       0x0800116c   Section        0  stm32f10x_rcc.o(.text.RCC_APB1PeriphClockCmd)
    [Anonymous Symbol]                       0x08001184   Section        0  stm32f10x_rcc.o(.text.RCC_APB1PeriphResetCmd)
    [Anonymous Symbol]                       0x0800119c   Section        0  stm32f10x_rcc.o(.text.RCC_APB2PeriphClockCmd)
    [Anonymous Symbol]                       0x080011b4   Section        0  stm32f10x_rcc.o(.text.RCC_APB2PeriphResetCmd)
    [Anonymous Symbol]                       0x080011cc   Section        0  stm32f10x_rcc.o(.text.RCC_GetClocksFreq)
    [Anonymous Symbol]                       0x08001258   Section        0  sht31.o(.text.SHT31_Init)
    [Anonymous Symbol]                       0x0800128c   Section        0  sht31.o(.text.SHT31_Read)
    SHT31_ReadByte                           0x080015d9   Thumb Code   128  sht31.o(.text.SHT31_ReadByte)
    [Anonymous Symbol]                       0x080015d8   Section        0  sht31.o(.text.SHT31_ReadByte)
    SHT31_Stop                               0x08001659   Thumb Code    44  sht31.o(.text.SHT31_Stop)
    [Anonymous Symbol]                       0x08001658   Section        0  sht31.o(.text.SHT31_Stop)
    [Anonymous Symbol]                       0x08001684   Section        0  stm32f10x_it.o(.text.SVC_Handler)
    [Anonymous Symbol]                       0x08001688   Section        0  misc.o(.text.SysTick_CLKSourceConfig)
    [Anonymous Symbol]                       0x080016a0   Section        0  stm32f10x_it.o(.text.SysTick_Handler)
    [Anonymous Symbol]                       0x080016a4   Section        0  system_stm32f10x.o(.text.SystemInit)
    [Anonymous Symbol]                       0x080017b4   Section        0  usart2.o(.text.USART2_ClearRxBuffer)
    [Anonymous Symbol]                       0x080017d4   Section        0  usart2.o(.text.USART2_GetRxBuffer)
    [Anonymous Symbol]                       0x080017e0   Section        0  usart2.o(.text.USART2_IRQHandler)
    [Anonymous Symbol]                       0x0800186c   Section        0  stm32f10x_usart.o(.text.USART_ClearFlag)
    [Anonymous Symbol]                       0x08001874   Section        0  stm32f10x_usart.o(.text.USART_Cmd)
    [Anonymous Symbol]                       0x08001888   Section        0  stm32f10x_usart.o(.text.USART_DeInit)
    [Anonymous Symbol]                       0x08001938   Section        0  stm32f10x_usart.o(.text.USART_GetFlagStatus)
    [Anonymous Symbol]                       0x08001944   Section        0  stm32f10x_usart.o(.text.USART_GetITStatus)
    [Anonymous Symbol]                       0x08001974   Section        0  stm32f10x_usart.o(.text.USART_ITConfig)
    [Anonymous Symbol]                       0x080019a4   Section        0  stm32f10x_usart.o(.text.USART_Init)
    [Anonymous Symbol]                       0x08001a5c   Section        0  stm32f10x_usart.o(.text.USART_ReceiveData)
    [Anonymous Symbol]                       0x08001a64   Section        0  stm32f10x_usart.o(.text.USART_SendData)
    [Anonymous Symbol]                       0x08001a6c   Section        0  stm32f10x_it.o(.text.UsageFault_Handler)
    [Anonymous Symbol]                       0x08001a70   Section        0  delay.o(.text.delay_ms)
    [Anonymous Symbol]                       0x08001aac   Section        0  delay.o(.text.delay_us)
    [Anonymous Symbol]                       0x08001ae8   Section        0  main.o(.text.main)
    [Anonymous Symbol]                       0x08001edc   Section        0  usart2.o(.text.u2_printf)
    [Anonymous Symbol]                       0x08001f48   Section        0  usart2.o(.text.usart2_init)
    i.__0snprintf                            0x08002004   Section        0  printfa.o(i.__0snprintf)
    i.__0vsnprintf                           0x08002038   Section        0  printfa.o(i.__0vsnprintf)
    i.__scatterload_copy                     0x0800206c   Section       14  handlers.o(i.__scatterload_copy)
    i.__scatterload_null                     0x0800207a   Section        2  handlers.o(i.__scatterload_null)
    i.__scatterload_zeroinit                 0x0800207c   Section       14  handlers.o(i.__scatterload_zeroinit)
    _fp_digits                               0x0800208d   Thumb Code   366  printfa.o(i._fp_digits)
    i._fp_digits                             0x0800208c   Section        0  printfa.o(i._fp_digits)
    _printf_core                             0x08002211   Thumb Code  1744  printfa.o(i._printf_core)
    i._printf_core                           0x08002210   Section        0  printfa.o(i._printf_core)
    _printf_post_padding                     0x080028ed   Thumb Code    36  printfa.o(i._printf_post_padding)
    i._printf_post_padding                   0x080028ec   Section        0  printfa.o(i._printf_post_padding)
    _printf_pre_padding                      0x08002911   Thumb Code    46  printfa.o(i._printf_pre_padding)
    i._printf_pre_padding                    0x08002910   Section        0  printfa.o(i._printf_pre_padding)
    _snputc                                  0x0800293f   Thumb Code    22  printfa.o(i._snputc)
    i._snputc                                0x0800293e   Section        0  printfa.o(i._snputc)
    ADCPrescTable                            0x08002954   Data           4  stm32f10x_rcc.o(.rodata.ADCPrescTable)
    [Anonymous Symbol]                       0x08002954   Section        0  stm32f10x_rcc.o(.rodata.ADCPrescTable)
    APBAHBPrescTable                         0x08002958   Data          16  stm32f10x_rcc.o(.rodata.APBAHBPrescTable)
    [Anonymous Symbol]                       0x08002958   Section        0  stm32f10x_rcc.o(.rodata.APBAHBPrescTable)
    .L.str.8                                 0x08002968   Data          32  main.o(.rodata.str1.1)
    [Anonymous Symbol]                       0x08002968   Section        0  main.o(.rodata.str1.1)
    .L.str.9                                 0x08002988   Data          37  main.o(.rodata.str1.1)
    .L.str.3                                 0x080029ad   Data          44  main.o(.rodata.str1.1)
    .L.str.4                                 0x080029d9   Data         134  main.o(.rodata.str1.1)
    .L.str.18                                0x08002a5e   Data           1  main.o(.rodata.str1.1)
    .L.str.7                                 0x08002a5f   Data          47  esp01_at.o(.rodata.str1.1)
    [Anonymous Symbol]                       0x08002a5f   Section        0  esp01_at.o(.rodata.str1.1)
    .L.str.20                                0x08002a8e   Data          24  esp01_at.o(.rodata.str1.1)
    .L.str.24                                0x08002aa6   Data           7  esp01_at.o(.rodata.str1.1)
    .L.str.14                                0x08002aad   Data          12  esp01_at.o(.rodata.str1.1)
    fac_ms                                   0x200005e6   Data           2  delay.o(.bss.fac_ms)
    [Anonymous Symbol]                       0x200005e6   Section        0  delay.o(.bss.fac_ms)
    fac_us                                   0x200005e8   Data           1  delay.o(.bss.fac_us)
    [Anonymous Symbol]                       0x200005e8   Section        0  delay.o(.bss.fac_us)
    g_alarm_on                               0x200005e9   Data           1  esp01_at.o(.bss.g_alarm_on)
    [Anonymous Symbol]                       0x200005e9   Section        0  esp01_at.o(.bss.g_alarm_on)
    g_alarm_reason                           0x200005ea   Data          32  esp01_at.o(.bss.g_alarm_reason)
    [Anonymous Symbol]                       0x200005ea   Section        0  esp01_at.o(.bss.g_alarm_reason)
    g_alarm_started_ms                       0x2000060c   Data           4  main.o(.bss.g_alarm_started_ms)
    [Anonymous Symbol]                       0x2000060c   Section        0  main.o(.bss.g_alarm_started_ms)
    g_esp_ready                              0x20000610   Data           1  main.o(.bss.g_esp_ready)
    [Anonymous Symbol]                       0x20000610   Section        0  main.o(.bss.g_esp_ready)
    g_last_button_edge_ms                    0x20000614   Data           4  main.o(.bss.g_last_button_edge_ms)
    [Anonymous Symbol]                       0x20000614   Section        0  main.o(.bss.g_last_button_edge_ms)
    g_last_button_pressed                    0x20000618   Data           1  main.o(.bss.g_last_button_pressed)
    [Anonymous Symbol]                       0x20000618   Section        0  main.o(.bss.g_last_button_pressed)
    g_mqtt_ready                             0x20000619   Data           1  main.o(.bss.g_mqtt_ready)
    [Anonymous Symbol]                       0x20000619   Section        0  main.o(.bss.g_mqtt_ready)
    g_muted                                  0x2000061a   Data           1  main.o(.bss.g_muted)
    [Anonymous Symbol]                       0x2000061a   Section        0  main.o(.bss.g_muted)
    g_subscribed                             0x2000061b   Data           1  main.o(.bss.g_subscribed)
    [Anonymous Symbol]                       0x2000061b   Section        0  main.o(.bss.g_subscribed)
    g_wifi_ready                             0x2000061c   Data           1  main.o(.bss.g_wifi_ready)
    [Anonymous Symbol]                       0x2000061c   Section        0  main.o(.bss.g_wifi_ready)
    STACK                                    0x20000620   Section     1024  startup_stm32f10x_md.o(STACK)

    Global Symbols

    Symbol Name                              Value     Ov Type        Size  Object(Section)

    BuildAttributes$$THM_ISAv4$P$D$K$B$S$PE$A:L22UL41UL21$X:L11$S22US41US21$IEEE1$IW$~IW$USESV6$~STKCKD$USESV7$~SHL$OTIME$ROPI$EBA8$MICROLIB$REQ8$PRES8$EABIv2 0x00000000   Number         0  anon$$obj.o ABSOLUTE
    _printf_a                                0x00000000   Number         0  printfstubs.o ABSOLUTE
    _printf_c                                0x00000000   Number         0  printfstubs.o ABSOLUTE
    _printf_charcount                        0x00000000   Number         0  printfstubs.o ABSOLUTE
    _printf_d                                0x00000000   Number         0  printfstubs.o ABSOLUTE
    _printf_e                                0x00000000   Number         0  printfstubs.o ABSOLUTE
    _printf_f                                0x00000000   Number         0  printfstubs.o ABSOLUTE
    _printf_flags                            0x00000000   Number         0  printfstubs.o ABSOLUTE
    _printf_fp_dec                           0x00000000   Number         0  printfstubs.o ABSOLUTE
    _printf_fp_hex                           0x00000000   Number         0  printfstubs.o ABSOLUTE
    _printf_g                                0x00000000   Number         0  printfstubs.o ABSOLUTE
    _printf_i                                0x00000000   Number         0  printfstubs.o ABSOLUTE
    _printf_int_dec                          0x00000000   Number         0  printfstubs.o ABSOLUTE
    _printf_l                                0x00000000   Number         0  printfstubs.o ABSOLUTE
    _printf_lc                               0x00000000   Number         0  printfstubs.o ABSOLUTE
    _printf_ll                               0x00000000   Number         0  printfstubs.o ABSOLUTE
    _printf_lld                              0x00000000   Number         0  printfstubs.o ABSOLUTE
    _printf_lli                              0x00000000   Number         0  printfstubs.o ABSOLUTE
    _printf_llo                              0x00000000   Number         0  printfstubs.o ABSOLUTE
    _printf_llu                              0x00000000   Number         0  printfstubs.o ABSOLUTE
    _printf_llx                              0x00000000   Number         0  printfstubs.o ABSOLUTE
    _printf_longlong_dec                     0x00000000   Number         0  printfstubs.o ABSOLUTE
    _printf_longlong_hex                     0x00000000   Number         0  printfstubs.o ABSOLUTE
    _printf_longlong_oct                     0x00000000   Number         0  printfstubs.o ABSOLUTE
    _printf_ls                               0x00000000   Number         0  printfstubs.o ABSOLUTE
    _printf_mbtowc                           0x00000000   Number         0  printfstubs.o ABSOLUTE
    _printf_n                                0x00000000   Number         0  printfstubs.o ABSOLUTE
    _printf_o                                0x00000000   Number         0  printfstubs.o ABSOLUTE
    _printf_p                                0x00000000   Number         0  printfstubs.o ABSOLUTE
    _printf_percent                          0x00000000   Number         0  printfstubs.o ABSOLUTE
    _printf_pre_padding                      0x00000000   Number         0  printfstubs.o ABSOLUTE
    _printf_return_value                     0x00000000   Number         0  printfstubs.o ABSOLUTE
    _printf_s                                0x00000000   Number         0  printfstubs.o ABSOLUTE
    _printf_sizespec                         0x00000000   Number         0  printfstubs.o ABSOLUTE
    _printf_str                              0x00000000   Number         0  printfstubs.o ABSOLUTE
    _printf_truncate_signed                  0x00000000   Number         0  printfstubs.o ABSOLUTE
    _printf_truncate_unsigned                0x00000000   Number         0  printfstubs.o ABSOLUTE
    _printf_u                                0x00000000   Number         0  printfstubs.o ABSOLUTE
    _printf_wc                               0x00000000   Number         0  printfstubs.o ABSOLUTE
    _printf_wctomb                           0x00000000   Number         0  printfstubs.o ABSOLUTE
    _printf_widthprec                        0x00000000   Number         0  printfstubs.o ABSOLUTE
    _printf_x                                0x00000000   Number         0  printfstubs.o ABSOLUTE
    __cpp_initialize__aeabi_                  - Undefined Weak Reference
    __cxa_finalize                            - Undefined Weak Reference
    __decompress                              - Undefined Weak Reference
    _clock_init                               - Undefined Weak Reference
    _microlib_exit                            - Undefined Weak Reference
    __Vectors_Size                           0x000000ec   Number         0  startup_stm32f10x_md.o ABSOLUTE
    __Vectors                                0x08000000   Data           4  startup_stm32f10x_md.o(RESET)
    __Vectors_End                            0x080000ec   Data           0  startup_stm32f10x_md.o(RESET)
    __main                                   0x080000ed   Thumb Code     0  entry.o(.ARM.Collect$$$$00000000)
    _main_stk                                0x080000ed   Thumb Code     0  entry2.o(.ARM.Collect$$$$00000001)
    _main_scatterload                        0x080000f1   Thumb Code     0  entry5.o(.ARM.Collect$$$$00000004)
    __main_after_scatterload                 0x080000f5   Thumb Code     0  entry5.o(.ARM.Collect$$$$00000004)
    _main_clock                              0x080000f5   Thumb Code     0  entry7b.o(.ARM.Collect$$$$00000008)
    _main_cpp_init                           0x080000f5   Thumb Code     0  entry8b.o(.ARM.Collect$$$$0000000A)
    _main_init                               0x080000f5   Thumb Code     0  entry9a.o(.ARM.Collect$$$$0000000B)
    __rt_final_cpp                           0x080000fd   Thumb Code     0  entry10a.o(.ARM.Collect$$$$0000000D)
    __rt_final_exit                          0x080000fd   Thumb Code     0  entry11a.o(.ARM.Collect$$$$0000000F)
    Reset_Handler                            0x08000101   Thumb Code     8  startup_stm32f10x_md.o(.text)
    ADC1_2_IRQHandler                        0x0800011b   Thumb Code     0  startup_stm32f10x_md.o(.text)
    CAN1_RX1_IRQHandler                      0x0800011b   Thumb Code     0  startup_stm32f10x_md.o(.text)
    CAN1_SCE_IRQHandler                      0x0800011b   Thumb Code     0  startup_stm32f10x_md.o(.text)
    DMA1_Channel1_IRQHandler                 0x0800011b   Thumb Code     0  startup_stm32f10x_md.o(.text)
    DMA1_Channel2_IRQHandler                 0x0800011b   Thumb Code     0  startup_stm32f10x_md.o(.text)
    DMA1_Channel3_IRQHandler                 0x0800011b   Thumb Code     0  startup_stm32f10x_md.o(.text)
    DMA1_Channel4_IRQHandler                 0x0800011b   Thumb Code     0  startup_stm32f10x_md.o(.text)
    DMA1_Channel5_IRQHandler                 0x0800011b   Thumb Code     0  startup_stm32f10x_md.o(.text)
    DMA1_Channel6_IRQHandler                 0x0800011b   Thumb Code     0  startup_stm32f10x_md.o(.text)
    DMA1_Channel7_IRQHandler                 0x0800011b   Thumb Code     0  startup_stm32f10x_md.o(.text)
    EXTI0_IRQHandler                         0x0800011b   Thumb Code     0  startup_stm32f10x_md.o(.text)
    EXTI15_10_IRQHandler                     0x0800011b   Thumb Code     0  startup_stm32f10x_md.o(.text)
    EXTI1_IRQHandler                         0x0800011b   Thumb Code     0  startup_stm32f10x_md.o(.text)
    EXTI2_IRQHandler                         0x0800011b   Thumb Code     0  startup_stm32f10x_md.o(.text)
    EXTI3_IRQHandler                         0x0800011b   Thumb Code     0  startup_stm32f10x_md.o(.text)
    EXTI4_IRQHandler                         0x0800011b   Thumb Code     0  startup_stm32f10x_md.o(.text)
    EXTI9_5_IRQHandler                       0x0800011b   Thumb Code     0  startup_stm32f10x_md.o(.text)
    FLASH_IRQHandler                         0x0800011b   Thumb Code     0  startup_stm32f10x_md.o(.text)
    I2C1_ER_IRQHandler                       0x0800011b   Thumb Code     0  startup_stm32f10x_md.o(.text)
    I2C1_EV_IRQHandler                       0x0800011b   Thumb Code     0  startup_stm32f10x_md.o(.text)
    I2C2_ER_IRQHandler                       0x0800011b   Thumb Code     0  startup_stm32f10x_md.o(.text)
    I2C2_EV_IRQHandler                       0x0800011b   Thumb Code     0  startup_stm32f10x_md.o(.text)
    PVD_IRQHandler                           0x0800011b   Thumb Code     0  startup_stm32f10x_md.o(.text)
    RCC_IRQHandler                           0x0800011b   Thumb Code     0  startup_stm32f10x_md.o(.text)
    RTCAlarm_IRQHandler                      0x0800011b   Thumb Code     0  startup_stm32f10x_md.o(.text)
    RTC_IRQHandler                           0x0800011b   Thumb Code     0  startup_stm32f10x_md.o(.text)
    SPI1_IRQHandler                          0x0800011b   Thumb Code     0  startup_stm32f10x_md.o(.text)
    SPI2_IRQHandler                          0x0800011b   Thumb Code     0  startup_stm32f10x_md.o(.text)
    TAMPER_IRQHandler                        0x0800011b   Thumb Code     0  startup_stm32f10x_md.o(.text)
    TIM1_BRK_IRQHandler                      0x0800011b   Thumb Code     0  startup_stm32f10x_md.o(.text)
    TIM1_CC_IRQHandler                       0x0800011b   Thumb Code     0  startup_stm32f10x_md.o(.text)
    TIM1_TRG_COM_IRQHandler                  0x0800011b   Thumb Code     0  startup_stm32f10x_md.o(.text)
    TIM1_UP_IRQHandler                       0x0800011b   Thumb Code     0  startup_stm32f10x_md.o(.text)
    TIM2_IRQHandler                          0x0800011b   Thumb Code     0  startup_stm32f10x_md.o(.text)
    TIM3_IRQHandler                          0x0800011b   Thumb Code     0  startup_stm32f10x_md.o(.text)
    TIM4_IRQHandler                          0x0800011b   Thumb Code     0  startup_stm32f10x_md.o(.text)
    USART1_IRQHandler                        0x0800011b   Thumb Code     0  startup_stm32f10x_md.o(.text)
    USART3_IRQHandler                        0x0800011b   Thumb Code     0  startup_stm32f10x_md.o(.text)
    USBWakeUp_IRQHandler                     0x0800011b   Thumb Code     0  startup_stm32f10x_md.o(.text)
    USB_HP_CAN1_TX_IRQHandler                0x0800011b   Thumb Code     0  startup_stm32f10x_md.o(.text)
    USB_LP_CAN1_RX0_IRQHandler               0x0800011b   Thumb Code     0  startup_stm32f10x_md.o(.text)
    WWDG_IRQHandler                          0x0800011b   Thumb Code     0  startup_stm32f10x_md.o(.text)
    __aeabi_memset                           0x08000125   Thumb Code    14  memseta.o(.text)
    __aeabi_memset4                          0x08000125   Thumb Code     0  memseta.o(.text)
    __aeabi_memset8                          0x08000125   Thumb Code     0  memseta.o(.text)
    __aeabi_memclr                           0x08000133   Thumb Code     4  memseta.o(.text)
    __aeabi_memclr4                          0x08000133   Thumb Code     0  memseta.o(.text)
    __aeabi_memclr8                          0x08000133   Thumb Code     0  memseta.o(.text)
    _memset$wrapper                          0x08000137   Thumb Code    18  memseta.o(.text)
    strstr                                   0x08000149   Thumb Code    36  strstr.o(.text)
    __aeabi_fadd                             0x0800016d   Thumb Code   164  fadd.o(.text)
    __aeabi_fsub                             0x08000211   Thumb Code     6  fadd.o(.text)
    __aeabi_frsub                            0x08000217   Thumb Code     6  fadd.o(.text)
    __aeabi_fmul                             0x0800021d   Thumb Code   100  fmul.o(.text)
    __aeabi_fdiv                             0x08000281   Thumb Code   124  fdiv.o(.text)
    __aeabi_ui2f                             0x080002fd   Thumb Code    10  ffltui.o(.text)
    __aeabi_f2d                              0x08000307   Thumb Code    38  f2d.o(.text)
    __aeabi_uidiv                            0x0800032d   Thumb Code     0  uidiv.o(.text)
    __aeabi_uidivmod                         0x0800032d   Thumb Code    44  uidiv.o(.text)
    __aeabi_uldivmod                         0x08000359   Thumb Code    98  uldiv.o(.text)
    __I$use$fp                               0x080003bb   Thumb Code     0  iusefp.o(.text)
    _float_round                             0x080003bb   Thumb Code    18  fepilogue.o(.text)
    _float_epilogue                          0x080003cd   Thumb Code    92  fepilogue.o(.text)
    __aeabi_dadd                             0x08000429   Thumb Code   322  dadd.o(.text)
    __aeabi_dsub                             0x0800056b   Thumb Code     6  dadd.o(.text)
    __aeabi_drsub                            0x08000571   Thumb Code     6  dadd.o(.text)
    __aeabi_dmul                             0x08000577   Thumb Code   228  dmul.o(.text)
    __aeabi_ddiv                             0x0800065b   Thumb Code   222  ddiv.o(.text)
    __aeabi_d2ulz                            0x08000739   Thumb Code    48  dfixul.o(.text)
    __aeabi_cdrcmple                         0x08000769   Thumb Code    48  cdrcmple.o(.text)
    __scatterload                            0x08000799   Thumb Code    38  init.o(.text)
    __scatterload_rt2                        0x08000799   Thumb Code     0  init.o(.text)
    __aeabi_llsl                             0x080007c9   Thumb Code    30  llshl.o(.text)
    _ll_shift_l                              0x080007c9   Thumb Code     0  llshl.o(.text)
    __aeabi_llsr                             0x080007e7   Thumb Code    32  llushr.o(.text)
    _ll_ushift_r                             0x080007e7   Thumb Code     0  llushr.o(.text)
    __aeabi_lasr                             0x08000807   Thumb Code    36  llsshr.o(.text)
    _ll_sshift_r                             0x08000807   Thumb Code     0  llsshr.o(.text)
    _double_round                            0x0800082b   Thumb Code    30  depilogue.o(.text)
    _double_epilogue                         0x08000849   Thumb Code   156  depilogue.o(.text)
    BusFault_Handler                         0x080008e5   Thumb Code     2  stm32f10x_it.o(.text.BusFault_Handler)
    DebugMon_Handler                         0x080008e9   Thumb Code     2  stm32f10x_it.o(.text.DebugMon_Handler)
    DebugUart_Init                           0x080008ed   Thumb Code   106  debug_uart.o(.text.DebugUart_Init)
    DebugUart_SendString                     0x08000959   Thumb Code    70  debug_uart.o(.text.DebugUart_SendString)
    DelayInit                                0x080009a1   Thumb Code    66  delay.o(.text.DelayInit)
    ESP01_BasicSetup                         0x080009e5   Thumb Code   176  esp01_at.o(.text.ESP01_BasicSetup)
    ESP01_ConnectWiFi                        0x08000b0d   Thumb Code    64  esp01_at.o(.text.ESP01_ConnectWiFi)
    ESP01_IsAlarmOn                          0x08000bdd   Thumb Code    12  esp01_at.o(.text.ESP01_IsAlarmOn)
    ESP01_MQTTConnect                        0x08000be9   Thumb Code   128  esp01_at.o(.text.ESP01_MQTTConnect)
    ESP01_MQTTPublishTelemetry               0x08000cf9   Thumb Code   156  esp01_at.o(.text.ESP01_MQTTPublishTelemetry)
    ESP01_MQTTSubscribeCommand               0x08000dc9   Thumb Code    68  esp01_at.o(.text.ESP01_MQTTSubscribeCommand)
    ESP01_Poll                               0x08000e55   Thumb Code   160  esp01_at.o(.text.ESP01_Poll)
    GPIO_Init                                0x0800101d   Thumb Code   192  stm32f10x_gpio.o(.text.GPIO_Init)
    GPIO_ReadInputDataBit                    0x080010dd   Thumb Code    10  stm32f10x_gpio.o(.text.GPIO_ReadInputDataBit)
    GPIO_ReadOutputDataBit                   0x080010e9   Thumb Code    10  stm32f10x_gpio.o(.text.GPIO_ReadOutputDataBit)
    GPIO_ResetBits                           0x080010f5   Thumb Code     4  stm32f10x_gpio.o(.text.GPIO_ResetBits)
    GPIO_SetBits                             0x080010f9   Thumb Code     4  stm32f10x_gpio.o(.text.GPIO_SetBits)
    HardFault_Handler                        0x080010fd   Thumb Code     2  stm32f10x_it.o(.text.HardFault_Handler)
    MemManage_Handler                        0x08001101   Thumb Code     2  stm32f10x_it.o(.text.MemManage_Handler)
    NMI_Handler                              0x08001105   Thumb Code     2  stm32f10x_it.o(.text.NMI_Handler)
    NVIC_Init                                0x08001109   Thumb Code    94  misc.o(.text.NVIC_Init)
    PendSV_Handler                           0x08001169   Thumb Code     2  stm32f10x_it.o(.text.PendSV_Handler)
    RCC_APB1PeriphClockCmd                   0x0800116d   Thumb Code    24  stm32f10x_rcc.o(.text.RCC_APB1PeriphClockCmd)
    RCC_APB1PeriphResetCmd                   0x08001185   Thumb Code    24  stm32f10x_rcc.o(.text.RCC_APB1PeriphResetCmd)
    RCC_APB2PeriphClockCmd                   0x0800119d   Thumb Code    24  stm32f10x_rcc.o(.text.RCC_APB2PeriphClockCmd)
    RCC_APB2PeriphResetCmd                   0x080011b5   Thumb Code    24  stm32f10x_rcc.o(.text.RCC_APB2PeriphResetCmd)
    RCC_GetClocksFreq                        0x080011cd   Thumb Code   140  stm32f10x_rcc.o(.text.RCC_GetClocksFreq)
    SHT31_Init                               0x08001259   Thumb Code    52  sht31.o(.text.SHT31_Init)
    SHT31_Read                               0x0800128d   Thumb Code   844  sht31.o(.text.SHT31_Read)
    SVC_Handler                              0x08001685   Thumb Code     2  stm32f10x_it.o(.text.SVC_Handler)
    SysTick_CLKSourceConfig                  0x08001689   Thumb Code    24  misc.o(.text.SysTick_CLKSourceConfig)
    SysTick_Handler                          0x080016a1   Thumb Code     2  stm32f10x_it.o(.text.SysTick_Handler)
    SystemInit                               0x080016a5   Thumb Code   272  system_stm32f10x.o(.text.SystemInit)
    USART2_ClearRxBuffer                     0x080017b5   Thumb Code    32  usart2.o(.text.USART2_ClearRxBuffer)
    USART2_GetRxBuffer                       0x080017d5   Thumb Code    10  usart2.o(.text.USART2_GetRxBuffer)
    USART2_IRQHandler                        0x080017e1   Thumb Code   138  usart2.o(.text.USART2_IRQHandler)
    USART_ClearFlag                          0x0800186d   Thumb Code     6  stm32f10x_usart.o(.text.USART_ClearFlag)
    USART_Cmd                                0x08001875   Thumb Code    20  stm32f10x_usart.o(.text.USART_Cmd)
    USART_DeInit                             0x08001889   Thumb Code   174  stm32f10x_usart.o(.text.USART_DeInit)
    USART_GetFlagStatus                      0x08001939   Thumb Code    10  stm32f10x_usart.o(.text.USART_GetFlagStatus)
    USART_GetITStatus                        0x08001945   Thumb Code    48  stm32f10x_usart.o(.text.USART_GetITStatus)
    USART_ITConfig                           0x08001975   Thumb Code    46  stm32f10x_usart.o(.text.USART_ITConfig)
    USART_Init                               0x080019a5   Thumb Code   182  stm32f10x_usart.o(.text.USART_Init)
    USART_ReceiveData                        0x08001a5d   Thumb Code     8  stm32f10x_usart.o(.text.USART_ReceiveData)
    USART_SendData                           0x08001a65   Thumb Code     8  stm32f10x_usart.o(.text.USART_SendData)
    UsageFault_Handler                       0x08001a6d   Thumb Code     2  stm32f10x_it.o(.text.UsageFault_Handler)
    delay_ms                                 0x08001a71   Thumb Code    60  delay.o(.text.delay_ms)
    delay_us                                 0x08001aad   Thumb Code    60  delay.o(.text.delay_us)
    main                                     0x08001ae9   Thumb Code   864  main.o(.text.main)
    u2_printf                                0x08001edd   Thumb Code   106  usart2.o(.text.u2_printf)
    usart2_init                              0x08001f49   Thumb Code   186  usart2.o(.text.usart2_init)
    __0snprintf                              0x08002005   Thumb Code    48  printfa.o(i.__0snprintf)
    __1snprintf                              0x08002005   Thumb Code     0  printfa.o(i.__0snprintf)
    __2snprintf                              0x08002005   Thumb Code     0  printfa.o(i.__0snprintf)
    __c89snprintf                            0x08002005   Thumb Code     0  printfa.o(i.__0snprintf)
    snprintf                                 0x08002005   Thumb Code     0  printfa.o(i.__0snprintf)
    __0vsnprintf                             0x08002039   Thumb Code    46  printfa.o(i.__0vsnprintf)
    __1vsnprintf                             0x08002039   Thumb Code     0  printfa.o(i.__0vsnprintf)
    __2vsnprintf                             0x08002039   Thumb Code     0  printfa.o(i.__0vsnprintf)
    __c89vsnprintf                           0x08002039   Thumb Code     0  printfa.o(i.__0vsnprintf)
    vsnprintf                                0x08002039   Thumb Code     0  printfa.o(i.__0vsnprintf)
    __scatterload_copy                       0x0800206d   Thumb Code    14  handlers.o(i.__scatterload_copy)
    __scatterload_null                       0x0800207b   Thumb Code     2  handlers.o(i.__scatterload_null)
    __scatterload_zeroinit                   0x0800207d   Thumb Code    14  handlers.o(i.__scatterload_zeroinit)
    Region$$Table$$Base                      0x08002abc   Number         0  anon$$obj.o(Region$$Table)
    Region$$Table$$Limit                     0x08002adc   Number         0  anon$$obj.o(Region$$Table)
    SystemCoreClock                          0x20000000   Data           4  system_stm32f10x.o(.data.SystemCoreClock)
    USART2_RX_BUF                            0x20000008   Data        1000  usart2.o(.bss.USART2_RX_BUF)
    USART2_RX_STA                            0x200003f0   Data           2  usart2.o(.bss.USART2_RX_STA)
    USART2_TX_BUF                            0x200003f2   Data         500  usart2.o(.bss.USART2_TX_BUF)
    __initial_sp                             0x20000a20   Data           0  startup_stm32f10x_md.o(STACK)



==============================================================================

Memory Map of the image

  Image Entry point : 0x080000ed

  Load Region LR_IROM1 (Base: 0x08000000, Size: 0x00002ae8, Max: 0x00010000, ABSOLUTE)

    Execution Region ER_IROM1 (Exec base: 0x08000000, Load base: 0x08000000, Size: 0x00002adc, Max: 0x00010000, ABSOLUTE)

    Exec Addr    Load Addr    Size         Type   Attr      Idx    E Section Name        Object

    0x08000000   0x08000000   0x000000ec   Data   RO          419    RESET               startup_stm32f10x_md.o
    0x080000ec   0x080000ec   0x00000000   Code   RO          426  * .ARM.Collect$$$$00000000  mc_w.l(entry.o)
    0x080000ec   0x080000ec   0x00000004   Code   RO          704    .ARM.Collect$$$$00000001  mc_w.l(entry2.o)
    0x080000f0   0x080000f0   0x00000004   Code   RO          707    .ARM.Collect$$$$00000004  mc_w.l(entry5.o)
    0x080000f4   0x080000f4   0x00000000   Code   RO          709    .ARM.Collect$$$$00000008  mc_w.l(entry7b.o)
    0x080000f4   0x080000f4   0x00000000   Code   RO          711    .ARM.Collect$$$$0000000A  mc_w.l(entry8b.o)
    0x080000f4   0x080000f4   0x00000008   Code   RO          712    .ARM.Collect$$$$0000000B  mc_w.l(entry9a.o)
    0x080000fc   0x080000fc   0x00000000   Code   RO          714    .ARM.Collect$$$$0000000D  mc_w.l(entry10a.o)
    0x080000fc   0x080000fc   0x00000000   Code   RO          716    .ARM.Collect$$$$0000000F  mc_w.l(entry11a.o)
    0x080000fc   0x080000fc   0x00000004   Code   RO          705    .ARM.Collect$$$$00002712  mc_w.l(entry2.o)
    0x08000100   0x08000100   0x00000024   Code   RO          420    .text               startup_stm32f10x_md.o
    0x08000124   0x08000124   0x00000024   Code   RO          429    .text               mc_w.l(memseta.o)
    0x08000148   0x08000148   0x00000024   Code   RO          431    .text               mc_w.l(strstr.o)
    0x0800016c   0x0800016c   0x000000b0   Code   RO          694    .text               mf_w.l(fadd.o)
    0x0800021c   0x0800021c   0x00000064   Code   RO          696    .text               mf_w.l(fmul.o)
    0x08000280   0x08000280   0x0000007c   Code   RO          698    .text               mf_w.l(fdiv.o)
    0x080002fc   0x080002fc   0x0000000a   Code   RO          700    .text               mf_w.l(ffltui.o)
    0x08000306   0x08000306   0x00000026   Code   RO          702    .text               mf_w.l(f2d.o)
    0x0800032c   0x0800032c   0x0000002c   Code   RO          732    .text               mc_w.l(uidiv.o)
    0x08000358   0x08000358   0x00000062   Code   RO          734    .text               mc_w.l(uldiv.o)
    0x080003ba   0x080003ba   0x00000000   Code   RO          736    .text               mc_w.l(iusefp.o)
    0x080003ba   0x080003ba   0x0000006e   Code   RO          737    .text               mf_w.l(fepilogue.o)
    0x08000428   0x08000428   0x0000014e   Code   RO          739    .text               mf_w.l(dadd.o)
    0x08000576   0x08000576   0x000000e4   Code   RO          741    .text               mf_w.l(dmul.o)
    0x0800065a   0x0800065a   0x000000de   Code   RO          743    .text               mf_w.l(ddiv.o)
    0x08000738   0x08000738   0x00000030   Code   RO          745    .text               mf_w.l(dfixul.o)
    0x08000768   0x08000768   0x00000030   Code   RO          747    .text               mf_w.l(cdrcmple.o)
    0x08000798   0x08000798   0x00000030   Code   RO          749    .text               mc_w.l(init.o)
    0x080007c8   0x080007c8   0x0000001e   Code   RO          752    .text               mc_w.l(llshl.o)
    0x080007e6   0x080007e6   0x00000020   Code   RO          754    .text               mc_w.l(llushr.o)
    0x08000806   0x08000806   0x00000024   Code   RO          756    .text               mc_w.l(llsshr.o)
    0x0800082a   0x0800082a   0x000000ba   Code   RO          759    .text               mf_w.l(depilogue.o)
    0x080008e4   0x080008e4   0x00000002   Code   RO           28    .text.BusFault_Handler  stm32f10x_it.o
    0x080008e6   0x080008e6   0x00000002   PAD
    0x080008e8   0x080008e8   0x00000002   Code   RO           34    .text.DebugMon_Handler  stm32f10x_it.o
    0x080008ea   0x080008ea   0x00000002   PAD
    0x080008ec   0x080008ec   0x0000006a   Code   RO          121    .text.DebugUart_Init  debug_uart.o
    0x08000956   0x08000956   0x00000002   PAD
    0x08000958   0x08000958   0x00000046   Code   RO          123    .text.DebugUart_SendString  debug_uart.o
    0x0800099e   0x0800099e   0x00000002   PAD
    0x080009a0   0x080009a0   0x00000042   Code   RO           47    .text.DelayInit     delay.o
    0x080009e2   0x080009e2   0x00000002   PAD
    0x080009e4   0x080009e4   0x00000128   Code   RO           90    .text.ESP01_BasicSetup  esp01_at.o
    0x08000b0c   0x08000b0c   0x000000a4   Code   RO           96    .text.ESP01_ConnectWiFi  esp01_at.o
    0x08000bb0   0x08000bb0   0x0000002c   Code   RO           92    .text.ESP01_DebugLogf  esp01_at.o
    0x08000bdc   0x08000bdc   0x0000000c   Code   RO          106    .text.ESP01_IsAlarmOn  esp01_at.o
    0x08000be8   0x08000be8   0x00000110   Code   RO           98    .text.ESP01_MQTTConnect  esp01_at.o
    0x08000cf8   0x08000cf8   0x000000d0   Code   RO          102    .text.ESP01_MQTTPublishTelemetry  esp01_at.o
    0x08000dc8   0x08000dc8   0x0000008c   Code   RO          100    .text.ESP01_MQTTSubscribeCommand  esp01_at.o
    0x08000e54   0x08000e54   0x00000118   Code   RO          104    .text.ESP01_Poll    esp01_at.o
    0x08000f6c   0x08000f6c   0x000000b0   Code   RO           94    .text.ESP01_SendCommand  esp01_at.o
    0x0800101c   0x0800101c   0x000000c0   Code   RO          171    .text.GPIO_Init     stm32f10x_gpio.o
    0x080010dc   0x080010dc   0x0000000a   Code   RO          175    .text.GPIO_ReadInputDataBit  stm32f10x_gpio.o
    0x080010e6   0x080010e6   0x00000002   PAD
    0x080010e8   0x080010e8   0x0000000a   Code   RO          179    .text.GPIO_ReadOutputDataBit  stm32f10x_gpio.o
    0x080010f2   0x080010f2   0x00000002   PAD
    0x080010f4   0x080010f4   0x00000004   Code   RO          185    .text.GPIO_ResetBits  stm32f10x_gpio.o
    0x080010f8   0x080010f8   0x00000004   Code   RO          183    .text.GPIO_SetBits  stm32f10x_gpio.o
    0x080010fc   0x080010fc   0x00000002   Code   RO           24    .text.HardFault_Handler  stm32f10x_it.o
    0x080010fe   0x080010fe   0x00000002   PAD
    0x08001100   0x08001100   0x00000002   Code   RO           26    .text.MemManage_Handler  stm32f10x_it.o
    0x08001102   0x08001102   0x00000002   PAD
    0x08001104   0x08001104   0x00000002   Code   RO           22    .text.NMI_Handler   stm32f10x_it.o
    0x08001106   0x08001106   0x00000002   PAD
    0x08001108   0x08001108   0x0000005e   Code   RO          151    .text.NVIC_Init     misc.o
    0x08001166   0x08001166   0x00000002   PAD
    0x08001168   0x08001168   0x00000002   Code   RO           36    .text.PendSV_Handler  stm32f10x_it.o
    0x0800116a   0x0800116a   0x00000002   PAD
    0x0800116c   0x0800116c   0x00000018   Code   RO          258    .text.RCC_APB1PeriphClockCmd  stm32f10x_rcc.o
    0x08001184   0x08001184   0x00000018   Code   RO          262    .text.RCC_APB1PeriphResetCmd  stm32f10x_rcc.o
    0x0800119c   0x0800119c   0x00000018   Code   RO          256    .text.RCC_APB2PeriphClockCmd  stm32f10x_rcc.o
    0x080011b4   0x080011b4   0x00000018   Code   RO          260    .text.RCC_APB2PeriphResetCmd  stm32f10x_rcc.o
    0x080011cc   0x080011cc   0x0000008c   Code   RO          252    .text.RCC_GetClocksFreq  stm32f10x_rcc.o
    0x08001258   0x08001258   0x00000034   Code   RO          133    .text.SHT31_Init    sht31.o
    0x0800128c   0x0800128c   0x0000034c   Code   RO          135    .text.SHT31_Read    sht31.o
    0x080015d8   0x080015d8   0x00000080   Code   RO          139    .text.SHT31_ReadByte  sht31.o
    0x08001658   0x08001658   0x0000002c   Code   RO          137    .text.SHT31_Stop    sht31.o
    0x08001684   0x08001684   0x00000002   Code   RO           32    .text.SVC_Handler   stm32f10x_it.o
    0x08001686   0x08001686   0x00000002   PAD
    0x08001688   0x08001688   0x00000018   Code   RO          157    .text.SysTick_CLKSourceConfig  misc.o
    0x080016a0   0x080016a0   0x00000002   Code   RO           38    .text.SysTick_Handler  stm32f10x_it.o
    0x080016a2   0x080016a2   0x00000002   PAD
    0x080016a4   0x080016a4   0x00000110   Code   RO          404    .text.SystemInit    system_stm32f10x.o
    0x080017b4   0x080017b4   0x00000020   Code   RO           67    .text.USART2_ClearRxBuffer  usart2.o
    0x080017d4   0x080017d4   0x0000000a   Code   RO           77    .text.USART2_GetRxBuffer  usart2.o
    0x080017de   0x080017de   0x00000002   PAD
    0x080017e0   0x080017e0   0x0000008a   Code   RO           69    .text.USART2_IRQHandler  usart2.o
    0x0800186a   0x0800186a   0x00000002   PAD
    0x0800186c   0x0800186c   0x00000006   Code   RO          338    .text.USART_ClearFlag  stm32f10x_usart.o
    0x08001872   0x08001872   0x00000002   PAD
    0x08001874   0x08001874   0x00000014   Code   RO          296    .text.USART_Cmd     stm32f10x_usart.o
    0x08001888   0x08001888   0x000000ae   Code   RO          286    .text.USART_DeInit  stm32f10x_usart.o
    0x08001936   0x08001936   0x00000002   PAD
    0x08001938   0x08001938   0x0000000a   Code   RO          336    .text.USART_GetFlagStatus  stm32f10x_usart.o
    0x08001942   0x08001942   0x00000002   PAD
    0x08001944   0x08001944   0x00000030   Code   RO          340    .text.USART_GetITStatus  stm32f10x_usart.o
    0x08001974   0x08001974   0x0000002e   Code   RO          298    .text.USART_ITConfig  stm32f10x_usart.o
    0x080019a2   0x080019a2   0x00000002   PAD
    0x080019a4   0x080019a4   0x000000b6   Code   RO          288    .text.USART_Init    stm32f10x_usart.o
    0x08001a5a   0x08001a5a   0x00000002   PAD
    0x08001a5c   0x08001a5c   0x00000008   Code   RO          314    .text.USART_ReceiveData  stm32f10x_usart.o
    0x08001a64   0x08001a64   0x00000008   Code   RO          312    .text.USART_SendData  stm32f10x_usart.o
    0x08001a6c   0x08001a6c   0x00000002   Code   RO           30    .text.UsageFault_Handler  stm32f10x_it.o
    0x08001a6e   0x08001a6e   0x00000002   PAD
    0x08001a70   0x08001a70   0x0000003c   Code   RO           51    .text.delay_ms      delay.o
    0x08001aac   0x08001aac   0x0000003c   Code   RO           49    .text.delay_us      delay.o
    0x08001ae8   0x08001ae8   0x000003f4   Code   RO            2    .text.main          main.o
    0x08001edc   0x08001edc   0x0000006a   Code   RO           73    .text.u2_printf     usart2.o
    0x08001f46   0x08001f46   0x00000002   PAD
    0x08001f48   0x08001f48   0x000000ba   Code   RO           65    .text.usart2_init   usart2.o
    0x08002002   0x08002002   0x00000002   PAD
    0x08002004   0x08002004   0x00000034   Code   RO          667    i.__0snprintf       mc_w.l(printfa.o)
    0x08002038   0x08002038   0x00000034   Code   RO          671    i.__0vsnprintf      mc_w.l(printfa.o)
    0x0800206c   0x0800206c   0x0000000e   Code   RO          763    i.__scatterload_copy  mc_w.l(handlers.o)
    0x0800207a   0x0800207a   0x00000002   Code   RO          764    i.__scatterload_null  mc_w.l(handlers.o)
    0x0800207c   0x0800207c   0x0000000e   Code   RO          765    i.__scatterload_zeroinit  mc_w.l(handlers.o)
    0x0800208a   0x0800208a   0x00000002   PAD
    0x0800208c   0x0800208c   0x00000184   Code   RO          673    i._fp_digits        mc_w.l(printfa.o)
    0x08002210   0x08002210   0x000006dc   Code   RO          674    i._printf_core      mc_w.l(printfa.o)
    0x080028ec   0x080028ec   0x00000024   Code   RO          675    i._printf_post_padding  mc_w.l(printfa.o)
    0x08002910   0x08002910   0x0000002e   Code   RO          676    i._printf_pre_padding  mc_w.l(printfa.o)
    0x0800293e   0x0800293e   0x00000016   Code   RO          677    i._snputc           mc_w.l(printfa.o)
    0x08002954   0x08002954   0x00000004   Data   RO          277    .rodata.ADCPrescTable  stm32f10x_rcc.o
    0x08002958   0x08002958   0x00000010   Data   RO          276    .rodata.APBAHBPrescTable  stm32f10x_rcc.o
    0x08002968   0x08002968   0x000000f7   Data   RO           12    .rodata.str1.1      main.o
    0x08002a5f   0x08002a5f   0x0000005a   Data   RO          110    .rodata.str1.1      esp01_at.o
    0x08002ab9   0x08002ab9   0x00000003   PAD
    0x08002abc   0x08002abc   0x00000020   Data   RO          762    Region$$Table       anon$$obj.o


    Execution Region RW_IRAM1 (Exec base: 0x20000000, Load base: 0x08002ae0, Size: 0x00000a20, Max: 0x00005000, ABSOLUTE)

    Exec Addr    Load Addr    Size         Type   Attr      Idx    E Section Name        Object

    0x20000000   0x08002ae0   0x00000004   Data   RW          408    .data.SystemCoreClock  system_stm32f10x.o
    0x20000004   0x08002ae4   0x00000004   PAD
    0x20000008        -       0x000003e8   Zero   RW           80    .bss.USART2_RX_BUF  usart2.o
    0x200003f0        -       0x00000002   Zero   RW           79    .bss.USART2_RX_STA  usart2.o
    0x200003f2        -       0x000001f4   Zero   RW           81    .bss.USART2_TX_BUF  usart2.o
    0x200005e6        -       0x00000002   Zero   RW           56    .bss.fac_ms         delay.o
    0x200005e8        -       0x00000001   Zero   RW           55    .bss.fac_us         delay.o
    0x200005e9        -       0x00000001   Zero   RW          111    .bss.g_alarm_on     esp01_at.o
    0x200005ea        -       0x00000020   Zero   RW          112    .bss.g_alarm_reason  esp01_at.o
    0x2000060a   0x08002ae4   0x00000002   PAD
    0x2000060c        -       0x00000004   Zero   RW           11    .bss.g_alarm_started_ms  main.o
    0x20000610        -       0x00000001   Zero   RW            4    .bss.g_esp_ready    main.o
    0x20000611   0x08002ae4   0x00000003   PAD
    0x20000614        -       0x00000004   Zero   RW            9    .bss.g_last_button_edge_ms  main.o
    0x20000618        -       0x00000001   Zero   RW            8    .bss.g_last_button_pressed  main.o
    0x20000619        -       0x00000001   Zero   RW            6    .bss.g_mqtt_ready   main.o
    0x2000061a        -       0x00000001   Zero   RW           10    .bss.g_muted        main.o
    0x2000061b        -       0x00000001   Zero   RW            7    .bss.g_subscribed   main.o
    0x2000061c        -       0x00000001   Zero   RW            5    .bss.g_wifi_ready   main.o
    0x2000061d   0x08002ae4   0x00000003   PAD
    0x20000620        -       0x00000400   Zero   RW          417    STACK               startup_stm32f10x_md.o


==============================================================================

Image component sizes


      Code (inc. data)   RO Data    RW Data    ZI Data      Debug   Object Name

       176          0          0          0          0       2490   debug_uart.o
       186          0          0          0          3       1974   delay.o
      1592        644         90          0         33       5590   esp01_at.o
      1012        148        247          0         14       4207   main.o
       118          0          0          0          0       3342   misc.o
      1068          0          0          0          0       6510   sht31.o
        36          8        236          0       1024        932   startup_stm32f10x_md.o
       220          0          0          0          0       6014   stm32f10x_gpio.o
        18          0          0          0          0       1004   stm32f10x_it.o
       236          0         20          0          0       8368   stm32f10x_rcc.o
       502          0          0          0          0       8742   stm32f10x_usart.o
       272          0          0          4          0       2617   system_stm32f10x.o
       472          0          0          0       1502       5562   usart2.o

    ----------------------------------------------------------------------
      5956        800        628          4       2588      57352   Object Totals
         0          0         32          0          0          0   (incl. Generated)
        48          0          3          0         12          0   (incl. Padding)

    ----------------------------------------------------------------------

      Code (inc. data)   RO Data    RW Data    ZI Data      Debug   Library Member Name

         0          0          0          0          0          0   entry.o
         0          0          0          0          0          0   entry10a.o
         0          0          0          0          0          0   entry11a.o
         8          4          0          0          0          0   entry2.o
         4          0          0          0          0          0   entry5.o
         0          0          0          0          0          0   entry7b.o
         0          0          0          0          0          0   entry8b.o
         8          4          0          0          0          0   entry9a.o
        30          0          0          0          0          0   handlers.o
        48         10          0          0          0         68   init.o
         0          0          0          0          0          0   iusefp.o
        30          0          0          0          0         68   llshl.o
        36          0          0          0          0         68   llsshr.o
        32          0          0          0          0         68   llushr.o
        36          0          0          0          0        108   memseta.o
      2352         90          0          0          0        604   printfa.o
        36          0          0          0          0         80   strstr.o
        44          0          0          0          0         80   uidiv.o
        98          0          0          0          0         92   uldiv.o
        48          0          0          0          0         68   cdrcmple.o
       334          0          0          0          0        148   dadd.o
       222          0          0          0          0        100   ddiv.o
       186          0          0          0          0        176   depilogue.o
        48          0          0          0          0         68   dfixul.o
       228          0          0          0          0         96   dmul.o
        38          0          0          0          0         68   f2d.o
       176          0          0          0          0        140   fadd.o
       124          0          0          0          0         88   fdiv.o
       110          0          0          0          0        168   fepilogue.o
        10          0          0          0          0         68   ffltui.o
       100          0          0          0          0         76   fmul.o

    ----------------------------------------------------------------------
      4388        108          0          0          0       2500   Library Totals
         2          0          0          0          0          0   (incl. Padding)

    ----------------------------------------------------------------------

      Code (inc. data)   RO Data    RW Data    ZI Data      Debug   Library Name

      2762        108          0          0          0       1236   mc_w.l
      1624          0          0          0          0       1264   mf_w.l

    ----------------------------------------------------------------------
      4388        108          0          0          0       2500   Library Totals

    ----------------------------------------------------------------------

==============================================================================


      Code (inc. data)   RO Data    RW Data    ZI Data      Debug   

     10344        908        628          4       2588      58536   Grand Totals
     10344        908        628          4       2588      58536   ELF Image Totals
     10344        908        628          4          0          0   ROM Totals

==============================================================================

    Total RO  Size (Code + RO Data)                10972 (  10.71kB)
    Total RW  Size (RW Data + ZI Data)              2592 (   2.53kB)
    Total ROM Size (Code + RO Data + RW Data)      10976 (  10.72kB)

==============================================================================

