<html>
<body>
<pre>
<h1>µVision Build Log</h1>
<h2>Tool Versions:</h2>
IDE-Version: ¦ÌVision V5.39.0.0
Copyright (C) 2023 ARM Ltd and ARM Germany GmbH. All rights reserved.
License Information: 1 3282417293@qq.com, 1, LIC=14HV2-9HKII-45JT5-GFEAF-C5LI4-L7TSQ
 
Tool Versions:
Toolchain:       MDK-ARM Plus  Version: 5.39.0.0
Toolchain Path:  D:\keil5\ARM\ARMCLANG\Bin
C Compiler:      ArmClang.exe V6.21
Assembler:       Armasm.exe V6.21
Linker/Locator:  ArmLink.exe V6.21
Library Manager: ArmAr.exe V6.21
Hex Converter:   FromElf.exe V6.21
CPU DLL:         SARMCM3.DLL V5.39.0.0
Dialog DLL:      DCM.DLL V1.17.5.0
Target DLL:      STLink\ST-LINKIII-KEIL_SWO.dll V3.2.0.0
Dialog DLL:      TCM.DLL V1.56.4.0
 
<h2>Project:</h2>
C:\Users\32824\Desktop\ll\ll\firmware\legacy_stdperiph_ref\MDK-ARM\Project.uvprojx
Project File Date:  04/19/2026

<h2>Output:</h2>
*** Using Compiler 'V6.21', folder: 'D:\keil5\ARM\ARMCLANG\Bin'
Build target 'LED'
assembling startup_stm32f10x_md.s...
compiling debug_uart.c...
compiling misc.c...
compiling system_stm32f10x.c...
compiling core_cm3.c...
compiling stm32f10x_it.c...
compiling delay.c...
compiling main.c...
compiling stm32f10x_usart.c...
compiling stm32f10x_gpio.c...
compiling sht31.c...
compiling usart2.c...
compiling stm32f10x_rcc.c...
compiling esp01_at.c...
linking...
Program Size: Code=10344 RO-data=628 RW-data=4 ZI-data=2588  
FromELF: creating hex file...
".\Obj\Project.axf" - 0 Error(s), 0 Warning(s).

<h2>Software Packages used:</h2>

Package Vendor: Keil
                https://www.keil.com/pack/Keil.STM32F1xx_DFP.2.4.1.pack
                Keil::STM32F1xx_DFP@2.4.1
                STMicroelectronics STM32F1 Series Device Support, Drivers and Examples

<h2>Collection of Component include folders:</h2>
  D:/keil5/packs/Keil/STM32F1xx_DFP/2.4.1/Device/Include

<h2>Collection of Component Files used:</h2>
Build Time Elapsed:  00:00:00
</pre>
</body>
</html>
